Component: ARM Compiler 5.05 update 2 (build 169) Tool: armlink [4d0f33]

==============================================================================

Section Cross References

    stm32f10x_adc.o(i.ADC_DeInit) refers to stm32f10x_rcc.o(i.RCC_APB2PeriphResetCmd) for RCC_APB2PeriphResetCmd
    stm32f10x_bkp.o(i.BKP_DeInit) refers to stm32f10x_rcc.o(i.RCC_BackupResetCmd) for RCC_BackupResetCmd
    stm32f10x_can.o(i.CAN_DeInit) refers to stm32f10x_rcc.o(i.RCC_APB1PeriphResetCmd) for RCC_APB1PeriphResetCmd
    stm32f10x_can.o(i.CAN_GetITStatus) refers to stm32f10x_can.o(i.CheckITStatus) for CheckITStatus
    stm32f10x_cec.o(i.CEC_DeInit) refers to stm32f10x_rcc.o(i.RCC_APB1PeriphResetCmd) for RCC_APB1PeriphResetCmd
    stm32f10x_dac.o(i.DAC_DeInit) refers to stm32f10x_rcc.o(i.RCC_APB1PeriphResetCmd) for RCC_APB1PeriphResetCmd
    stm32f10x_flash.o(i.FLASH_EnableWriteProtection) refers to stm32f10x_flash.o(i.FLASH_WaitForLastOperation) for FLASH_WaitForLastOperation
    stm32f10x_flash.o(i.FLASH_EraseAllBank1Pages) refers to stm32f10x_flash.o(i.FLASH_WaitForLastBank1Operation) for FLASH_WaitForLastBank1Operation
    stm32f10x_flash.o(i.FLASH_EraseAllPages) refers to stm32f10x_flash.o(i.FLASH_WaitForLastOperation) for FLASH_WaitForLastOperation
    stm32f10x_flash.o(i.FLASH_EraseOptionBytes) refers to stm32f10x_flash.o(i.FLASH_GetReadOutProtectionStatus) for FLASH_GetReadOutProtectionStatus
    stm32f10x_flash.o(i.FLASH_EraseOptionBytes) refers to stm32f10x_flash.o(i.FLASH_WaitForLastOperation) for FLASH_WaitForLastOperation
    stm32f10x_flash.o(i.FLASH_ErasePage) refers to stm32f10x_flash.o(i.FLASH_WaitForLastOperation) for FLASH_WaitForLastOperation
    stm32f10x_flash.o(i.FLASH_ProgramHalfWord) refers to stm32f10x_flash.o(i.FLASH_WaitForLastOperation) for FLASH_WaitForLastOperation
    stm32f10x_flash.o(i.FLASH_ProgramOptionByteData) refers to stm32f10x_flash.o(i.FLASH_WaitForLastOperation) for FLASH_WaitForLastOperation
    stm32f10x_flash.o(i.FLASH_ProgramWord) refers to stm32f10x_flash.o(i.FLASH_WaitForLastOperation) for FLASH_WaitForLastOperation
    stm32f10x_flash.o(i.FLASH_ReadOutProtection) refers to stm32f10x_flash.o(i.FLASH_WaitForLastOperation) for FLASH_WaitForLastOperation
    stm32f10x_flash.o(i.FLASH_UserOptionByteConfig) refers to stm32f10x_flash.o(i.FLASH_WaitForLastOperation) for FLASH_WaitForLastOperation
    stm32f10x_flash.o(i.FLASH_WaitForLastBank1Operation) refers to stm32f10x_flash.o(i.FLASH_GetBank1Status) for FLASH_GetBank1Status
    stm32f10x_flash.o(i.FLASH_WaitForLastOperation) refers to stm32f10x_flash.o(i.FLASH_GetBank1Status) for FLASH_GetBank1Status
    stm32f10x_gpio.o(i.GPIO_AFIODeInit) refers to stm32f10x_rcc.o(i.RCC_APB2PeriphResetCmd) for RCC_APB2PeriphResetCmd
    stm32f10x_gpio.o(i.GPIO_DeInit) refers to stm32f10x_rcc.o(i.RCC_APB2PeriphResetCmd) for RCC_APB2PeriphResetCmd
    stm32f10x_i2c.o(i.I2C_DeInit) refers to stm32f10x_rcc.o(i.RCC_APB1PeriphResetCmd) for RCC_APB1PeriphResetCmd
    stm32f10x_i2c.o(i.I2C_Init) refers to stm32f10x_rcc.o(i.RCC_GetClocksFreq) for RCC_GetClocksFreq
    stm32f10x_pwr.o(i.PWR_DeInit) refers to stm32f10x_rcc.o(i.RCC_APB1PeriphResetCmd) for RCC_APB1PeriphResetCmd
    stm32f10x_rcc.o(i.RCC_GetClocksFreq) refers to stm32f10x_rcc.o(.data) for APBAHBPrescTable
    stm32f10x_rcc.o(i.RCC_WaitForHSEStartUp) refers to stm32f10x_rcc.o(i.RCC_GetFlagStatus) for RCC_GetFlagStatus
    stm32f10x_rtc.o(i.RTC_SetAlarm) refers to stm32f10x_rtc.o(i.RTC_EnterConfigMode) for RTC_EnterConfigMode
    stm32f10x_rtc.o(i.RTC_SetAlarm) refers to stm32f10x_rtc.o(i.RTC_ExitConfigMode) for RTC_ExitConfigMode
    stm32f10x_rtc.o(i.RTC_SetCounter) refers to stm32f10x_rtc.o(i.RTC_EnterConfigMode) for RTC_EnterConfigMode
    stm32f10x_rtc.o(i.RTC_SetCounter) refers to stm32f10x_rtc.o(i.RTC_ExitConfigMode) for RTC_ExitConfigMode
    stm32f10x_rtc.o(i.RTC_SetPrescaler) refers to stm32f10x_rtc.o(i.RTC_EnterConfigMode) for RTC_EnterConfigMode
    stm32f10x_rtc.o(i.RTC_SetPrescaler) refers to stm32f10x_rtc.o(i.RTC_ExitConfigMode) for RTC_ExitConfigMode
    stm32f10x_spi.o(i.I2S_Init) refers to stm32f10x_rcc.o(i.RCC_GetClocksFreq) for RCC_GetClocksFreq
    stm32f10x_spi.o(i.SPI_I2S_DeInit) refers to stm32f10x_rcc.o(i.RCC_APB2PeriphResetCmd) for RCC_APB2PeriphResetCmd
    stm32f10x_spi.o(i.SPI_I2S_DeInit) refers to stm32f10x_rcc.o(i.RCC_APB1PeriphResetCmd) for RCC_APB1PeriphResetCmd
    stm32f10x_tim.o(i.TIM_DeInit) refers to stm32f10x_rcc.o(i.RCC_APB2PeriphResetCmd) for RCC_APB2PeriphResetCmd
    stm32f10x_tim.o(i.TIM_DeInit) refers to stm32f10x_rcc.o(i.RCC_APB1PeriphResetCmd) for RCC_APB1PeriphResetCmd
    stm32f10x_tim.o(i.TIM_ETRClockMode1Config) refers to stm32f10x_tim.o(i.TIM_ETRConfig) for TIM_ETRConfig
    stm32f10x_tim.o(i.TIM_ETRClockMode2Config) refers to stm32f10x_tim.o(i.TIM_ETRConfig) for TIM_ETRConfig
    stm32f10x_tim.o(i.TIM_ICInit) refers to stm32f10x_tim.o(i.TI1_Config) for TI1_Config
[...]
    Removing stm32f10x_gpio.o(i.GPIO_DeInit), (200 bytes).
    Removing stm32f10x_gpio.o(i.GPIO_ETH_MediaInterfaceConfig), (12 bytes).
    Removing stm32f10x_gpio.o(i.GPIO_EXTILineConfig), (64 bytes).
    Removing stm32f10x_gpio.o(i.GPIO_EventOutputCmd), (12 bytes).
    Removing stm32f10x_gpio.o(i.GPIO_EventOutputConfig), (32 bytes).
    Removing stm32f10x_gpio.o(i.GPIO_Init), (278 bytes).
    Removing stm32f10x_gpio.o(i.GPIO_PinLockConfig), (18 bytes).
    Removing stm32f10x_gpio.o(i.GPIO_PinRemapConfig), (144 bytes).
    Removing stm32f10x_gpio.o(i.GPIO_ReadInputData), (8 bytes).
    Removing stm32f10x_gpio.o(i.GPIO_ReadInputDataBit), (18 bytes).
    Removing stm32f10x_gpio.o(i.GPIO_ReadOutputData), (8 bytes).
    Removing stm32f10x_gpio.o(i.GPIO_ReadOutputDataBit), (18 bytes).
    Removing stm32f10x_gpio.o(i.GPIO_ResetBits), (4 bytes).
    Removing stm32f10x_gpio.o(i.GPIO_SetBits), (4 bytes).
    Removing stm32f10x_gpio.o(i.GPIO_StructInit), (16 bytes).
    Removing stm32f10x_gpio.o(i.GPIO_Write), (4 bytes).
    Removing stm32f10x_gpio.o(i.GPIO_WriteBit), (10 bytes).
    Removing stm32f10x_i2c.o(i.I2C_ARPCmd), (24 bytes).
    Removing stm32f10x_i2c.o(i.I2C_AcknowledgeConfig), (24 bytes).
    Removing stm32f10x_i2c.o(i.I2C_CalculatePEC), (24 bytes).
    Removing stm32f10x_i2c.o(i.I2C_CheckEvent), (42 bytes).
    Removing stm32f10x_i2c.o(i.I2C_ClearFlag), (12 bytes).
    Removing stm32f10x_i2c.o(i.I2C_ClearITPendingBit), (12 bytes).
    Removing stm32f10x_i2c.o(i.I2C_Cmd), (24 bytes).
    Removing stm32f10x_i2c.o(i.I2C_DMACmd), (24 bytes).
    Removing stm32f10x_i2c.o(i.I2C_DMALastTransferCmd), (24 bytes).
    Removing stm32f10x_i2c.o(i.I2C_DeInit), (56 bytes).
    Removing stm32f10x_i2c.o(i.I2C_DualAddressCmd), (24 bytes).
    Removing stm32f10x_i2c.o(i.I2C_FastModeDutyCycleConfig), (28 bytes).
    Removing stm32f10x_i2c.o(i.I2C_GeneralCallCmd), (24 bytes).
    Removing stm32f10x_i2c.o(i.I2C_GenerateSTART), (24 bytes).
    Removing stm32f10x_i2c.o(i.I2C_GenerateSTOP), (24 bytes).
    Removing stm32f10x_i2c.o(i.I2C_GetFlagStatus), (58 bytes).
    Removing stm32f10x_i2c.o(i.I2C_GetITStatus), (38 bytes).
    Removing stm32f10x_i2c.o(i.I2C_GetLastEvent), (26 bytes).
    Removing stm32f10x_i2c.o(i.I2C_GetPEC), (8 bytes).
    Removing stm32f10x_i2c.o(i.I2C_ITConfig), (18 bytes).
    Removing stm32f10x_i2c.o(i.I2C_Init), (236 bytes).
    Removing stm32f10x_i2c.o(i.I2C_NACKPositionConfig), (28 bytes).
    Removing stm32f10x_i2c.o(i.I2C_OwnAddress2Config), (22 bytes).
    Removing stm32f10x_i2c.o(i.I2C_PECPositionConfig), (28 bytes).
    Removing stm32f10x_i2c.o(i.I2C_ReadRegister), (22 bytes).
    Removing stm32f10x_i2c.o(i.I2C_ReceiveData), (8 bytes).
    Removing stm32f10x_i2c.o(i.I2C_SMBusAlertConfig), (28 bytes).
    Removing stm32f10x_i2c.o(i.I2C_Send7bitAddress), (18 bytes).
    Removing stm32f10x_i2c.o(i.I2C_SendData), (4 bytes).
    Removing stm32f10x_i2c.o(i.I2C_SoftwareResetCmd), (22 bytes).
    Removing stm32f10x_i2c.o(i.I2C_StretchClockCmd), (24 bytes).
    Removing stm32f10x_i2c.o(i.I2C_StructInit), (30 bytes).
    Removing stm32f10x_i2c.o(i.I2C_TransmitPEC), (24 bytes).
    Removing stm32f10x_iwdg.o(i.IWDG_Enable), (16 bytes).
    Removing stm32f10x_iwdg.o(i.IWDG_GetFlagStatus), (24 bytes).
    Removing stm32f10x_iwdg.o(i.IWDG_ReloadCounter), (16 bytes).
    Removing stm32f10x_iwdg.o(i.IWDG_SetPrescaler), (12 bytes).
    Removing stm32f10x_iwdg.o(i.IWDG_SetReload), (12 bytes).
    Removing stm32f10x_iwdg.o(i.IWDG_WriteAccessCmd), (12 bytes).
    Removing stm32f10x_pwr.o(i.PWR_BackupAccessCmd), (12 bytes).
    Removing stm32f10x_pwr.o(i.PWR_ClearFlag), (20 bytes).
    Removing stm32f10x_pwr.o(i.PWR_DeInit), (22 bytes).
    Removing stm32f10x_pwr.o(i.PWR_EnterSTANDBYMode), (52 bytes).
    Removing stm32f10x_pwr.o(i.PWR_EnterSTOPMode), (64 bytes).
    Removing stm32f10x_pwr.o(i.PWR_GetFlagStatus), (24 bytes).
    Removing stm32f10x_pwr.o(i.PWR_PVDCmd), (12 bytes).
    Removing stm32f10x_pwr.o(i.PWR_PVDLevelConfig), (24 bytes).
    Removing stm32f10x_pwr.o(i.PWR_WakeUpPinCmd), (12 bytes).
    Removing stm32f10x_rcc.o(i.RCC_ADCCLKConfig), (24 bytes).
    Removing stm32f10x_rcc.o(i.RCC_AHBPeriphClockCmd), (32 bytes).
    Removing stm32f10x_rcc.o(i.RCC_APB1PeriphClockCmd), (32 bytes).
    Removing stm32f10x_rcc.o(i.RCC_APB1PeriphResetCmd), (32 bytes).
    Removing stm32f10x_rcc.o(i.RCC_APB2PeriphClockCmd), (32 bytes).
    Removing stm32f10x_rcc.o(i.RCC_APB2PeriphResetCmd), (32 bytes).
    Removing stm32f10x_rcc.o(i.RCC_AdjustHSICalibrationValue), (24 bytes).
    Removing stm32f10x_rcc.o(i.RCC_BackupResetCmd), (12 bytes).
    Removing stm32f10x_rcc.o(i.RCC_ClearFlag), (20 bytes).
    Removing stm32f10x_rcc.o(i.RCC_ClearITPendingBit), (12 bytes).
    Removing stm32f10x_rcc.o(i.RCC_ClockSecuritySystemCmd), (12 bytes).
    Removing stm32f10x_rcc.o(i.RCC_DeInit), (76 bytes).
    Removing stm32f10x_rcc.o(i.RCC_GetClocksFreq), (212 bytes).
    Removing stm32f10x_rcc.o(i.RCC_GetFlagStatus), (60 bytes).
    Removing stm32f10x_rcc.o(i.RCC_GetITStatus), (24 bytes).
    Removing stm32f10x_rcc.o(i.RCC_GetSYSCLKSource), (16 bytes).
    Removing stm32f10x_rcc.o(i.RCC_HCLKConfig), (24 bytes).
    Removing stm32f10x_rcc.o(i.RCC_HSEConfig), (76 bytes).
    Removing stm32f10x_rcc.o(i.RCC_HSICmd), (12 bytes).
    Removing stm32f10x_rcc.o(i.RCC_ITConfig), (32 bytes).
    Removing stm32f10x_rcc.o(i.RCC_LSEConfig), (52 bytes).
    Removing stm32f10x_rcc.o(i.RCC_LSICmd), (12 bytes).
    Removing stm32f10x_rcc.o(i.RCC_MCOConfig), (12 bytes).
    Removing stm32f10x_rcc.o(i.RCC_PCLK1Config), (24 bytes).
    Removing stm32f10x_rcc.o(i.RCC_PCLK2Config), (24 bytes).
    Removing stm32f10x_rcc.o(i.RCC_PLLCmd), (12 bytes).
    Removing stm32f10x_rcc.o(i.RCC_PLLConfig), (28 bytes).
    Removing stm32f10x_rcc.o(i.RCC_RTCCLKCmd), (12 bytes).
    Removing stm32f10x_rcc.o(i.RCC_RTCCLKConfig), (16 bytes).
    Removing stm32f10x_rcc.o(i.RCC_SYSCLKConfig), (24 bytes).
    Removing stm32f10x_rcc.o(i.RCC_USBCLKConfig), (12 bytes).
    Removing stm32f10x_rcc.o(i.RCC_WaitForHSEStartUp), (56 bytes).
    Removing stm32f10x_rcc.o(.data), (20 bytes).
    Removing stm32f10x_rtc.o(i.RTC_ClearFlag), (16 bytes).
    Removing stm32f10x_rtc.o(i.RTC_ClearITPendingBit), (16 bytes).
    Removing stm32f10x_rtc.o(i.RTC_EnterConfigMode), (20 bytes).
    Removing stm32f10x_rtc.o(i.RTC_ExitConfigMode), (20 bytes).
    Removing stm32f10x_rtc.o(i.RTC_GetCounter), (20 bytes).
    Removing stm32f10x_rtc.o(i.RTC_GetDivider), (24 bytes).
    Removing stm32f10x_rtc.o(i.RTC_GetFlagStatus), (24 bytes).
    Removing stm32f10x_rtc.o(i.RTC_GetITStatus), (36 bytes).
    Removing stm32f10x_rtc.o(i.RTC_ITConfig), (32 bytes).
    Removing stm32f10x_rtc.o(i.RTC_SetAlarm), (28 bytes).
    Removing stm32f10x_rtc.o(i.RTC_SetCounter), (28 bytes).
    Removing stm32f10x_rtc.o(i.RTC_SetPrescaler), (32 bytes).
    Removing stm32f10x_rtc.o(i.RTC_WaitForLastTask), (20 bytes).
    Removing stm32f10x_rtc.o(i.RTC_WaitForSynchro), (36 bytes).
    Removing stm32f10x_sdio.o(i.SDIO_CEATAITCmd), (16 bytes).
    Removing stm32f10x_sdio.o(i.SDIO_ClearFlag), (12 bytes).
    Removing stm32f10x_sdio.o(i.SDIO_ClearITPendingBit), (12 bytes).
    Removing stm32f10x_sdio.o(i.SDIO_ClockCmd), (12 bytes).
    Removing stm32f10x_sdio.o(i.SDIO_CmdStructInit), (14 bytes).
    Removing stm32f10x_sdio.o(i.SDIO_CommandCompletionCmd), (12 bytes).
    Removing stm32f10x_sdio.o(i.SDIO_DMACmd), (12 bytes).
    Removing stm32f10x_sdio.o(i.SDIO_DataConfig), (48 bytes).
    Removing stm32f10x_sdio.o(i.SDIO_DataStructInit), (20 bytes).
    Removing stm32f10x_sdio.o(i.SDIO_DeInit), (36 bytes).
    Removing stm32f10x_sdio.o(i.SDIO_GetCommandResponse), (12 bytes).
    Removing stm32f10x_sdio.o(i.SDIO_GetDataCounter), (12 bytes).
    Removing stm32f10x_sdio.o(i.SDIO_GetFIFOCount), (12 bytes).
    Removing stm32f10x_sdio.o(i.SDIO_GetFlagStatus), (24 bytes).
    Removing stm32f10x_sdio.o(i.SDIO_GetITStatus), (24 bytes).
    Removing stm32f10x_sdio.o(i.SDIO_GetPowerState), (16 bytes).
    Removing stm32f10x_sdio.o(i.SDIO_GetResponse), (24 bytes).
    Removing stm32f10x_sdio.o(i.SDIO_ITConfig), (32 bytes).
    Removing stm32f10x_sdio.o(i.SDIO_Init), (48 bytes).
    Removing stm32f10x_sdio.o(i.SDIO_ReadData), (12 bytes).
    Removing stm32f10x_sdio.o(i.SDIO_SendCEATACmd), (12 bytes).
    Removing stm32f10x_sdio.o(i.SDIO_SendCommand), (44 bytes).
    Removing stm32f10x_sdio.o(i.SDIO_SendSDIOSuspendCmd), (12 bytes).
    Removing stm32f10x_sdio.o(i.SDIO_SetPowerState), (28 bytes).
    Removing stm32f10x_sdio.o(i.SDIO_SetSDIOOperation), (12 bytes).
    Removing stm32f10x_sdio.o(i.SDIO_SetSDIOReadWaitMode), (12 bytes).
    Removing stm32f10x_sdio.o(i.SDIO_StartSDIOReadWait), (12 bytes).
    Removing stm32f10x_sdio.o(i.SDIO_StopSDIOReadWait), (12 bytes).
    Removing stm32f10x_sdio.o(i.SDIO_StructInit), (16 bytes).
    Removing stm32f10x_sdio.o(i.SDIO_WriteData), (12 bytes).
    Removing stm32f10x_spi.o(i.I2S_Cmd), (24 bytes).
    Removing stm32f10x_spi.o(i.I2S_Init), (232 bytes).
    Removing stm32f10x_spi.o(i.I2S_StructInit), (20 bytes).
    Removing stm32f10x_spi.o(i.SPI_BiDirectionalLineConfig), (28 bytes).
    Removing stm32f10x_spi.o(i.SPI_CalculateCRC), (24 bytes).
    Removing stm32f10x_spi.o(i.SPI_Cmd), (24 bytes).
    Removing stm32f10x_spi.o(i.SPI_DataSizeConfig), (18 bytes).
    Removing stm32f10x_spi.o(i.SPI_GetCRC), (16 bytes).
    Removing stm32f10x_spi.o(i.SPI_GetCRCPolynomial), (6 bytes).
    Removing stm32f10x_spi.o(i.SPI_I2S_ClearFlag), (6 bytes).
    Removing stm32f10x_spi.o(i.SPI_I2S_ClearITPendingBit), (20 bytes).
    Removing stm32f10x_spi.o(i.SPI_I2S_DMACmd), (18 bytes).
    Removing stm32f10x_spi.o(i.SPI_I2S_DeInit), (88 bytes).
    Removing stm32f10x_spi.o(i.SPI_I2S_GetFlagStatus), (18 bytes).
    Removing stm32f10x_spi.o(i.SPI_I2S_GetITStatus), (52 bytes).
    Removing stm32f10x_spi.o(i.SPI_I2S_ITConfig), (32 bytes).
    Removing stm32f10x_spi.o(i.SPI_I2S_ReceiveData), (6 bytes).
    Removing stm32f10x_spi.o(i.SPI_I2S_SendData), (4 bytes).
    Removing stm32f10x_spi.o(i.SPI_Init), (60 bytes).
    Removing stm32f10x_spi.o(i.SPI_NSSInternalSoftwareConfig), (30 bytes).
    Removing stm32f10x_spi.o(i.SPI_SSOutputCmd), (24 bytes).
    Removing stm32f10x_spi.o(i.SPI_StructInit), (24 bytes).
    Removing stm32f10x_spi.o(i.SPI_TransmitCRC), (10 bytes).
    Removing stm32f10x_tim.o(i.TI1_Config), (128 bytes).
    Removing stm32f10x_tim.o(i.TI2_Config), (152 bytes).
    Removing stm32f10x_tim.o(i.TI3_Config), (144 bytes).
    Removing stm32f10x_tim.o(i.TI4_Config), (152 bytes).
    Removing stm32f10x_tim.o(i.TIM_ARRPreloadConfig), (24 bytes).
    Removing stm32f10x_tim.o(i.TIM_BDTRConfig), (32 bytes).
    Removing stm32f10x_tim.o(i.TIM_BDTRStructInit), (18 bytes).
    Removing stm32f10x_tim.o(i.TIM_CCPreloadControl), (24 bytes).
    Removing stm32f10x_tim.o(i.TIM_CCxCmd), (30 bytes).
    Removing stm32f10x_tim.o(i.TIM_CCxNCmd), (30 bytes).
    Removing stm32f10x_tim.o(i.TIM_ClearFlag), (6 bytes).
    Removing stm32f10x_tim.o(i.TIM_ClearITPendingBit), (6 bytes).
    Removing stm32f10x_tim.o(i.TIM_ClearOC1Ref), (18 bytes).
    Removing stm32f10x_tim.o(i.TIM_ClearOC2Ref), (24 bytes).
    Removing stm32f10x_tim.o(i.TIM_ClearOC3Ref), (18 bytes).
    Removing stm32f10x_tim.o(i.TIM_ClearOC4Ref), (24 bytes).
    Removing stm32f10x_tim.o(i.TIM_Cmd), (24 bytes).
    Removing stm32f10x_tim.o(i.TIM_CounterModeConfig), (18 bytes).
    Removing stm32f10x_tim.o(i.TIM_CtrlPWMOutputs), (30 bytes).
    Removing stm32f10x_tim.o(i.TIM_DMACmd), (18 bytes).
    Removing stm32f10x_tim.o(i.TIM_DMAConfig), (10 bytes).
    Removing stm32f10x_tim.o(i.TIM_DeInit), (488 bytes).
    Removing stm32f10x_tim.o(i.TIM_ETRClockMode1Config), (54 bytes).
    Removing stm32f10x_tim.o(i.TIM_ETRClockMode2Config), (32 bytes).
    Removing stm32f10x_tim.o(i.TIM_ETRConfig), (28 bytes).
    Removing stm32f10x_tim.o(i.TIM_EncoderInterfaceConfig), (66 bytes).
    Removing stm32f10x_tim.o(i.TIM_ForcedOC1Config), (18 bytes).
    Removing stm32f10x_tim.o(i.TIM_ForcedOC2Config), (26 bytes).
    Removing stm32f10x_tim.o(i.TIM_ForcedOC3Config), (18 bytes).
    Removing stm32f10x_tim.o(i.TIM_ForcedOC4Config), (26 bytes).
    Removing stm32f10x_tim.o(i.TIM_GenerateEvent), (4 bytes).
    Removing stm32f10x_tim.o(i.TIM_GetCapture1), (6 bytes).
    Removing stm32f10x_tim.o(i.TIM_GetCapture2), (6 bytes).
    Removing stm32f10x_tim.o(i.TIM_GetCapture3), (6 bytes).
    Removing stm32f10x_tim.o(i.TIM_GetCapture4), (8 bytes).
    Removing stm32f10x_tim.o(i.TIM_GetCounter), (6 bytes).
    Removing stm32f10x_tim.o(i.TIM_GetFlagStatus), (18 bytes).
    Removing stm32f10x_tim.o(i.TIM_GetITStatus), (34 bytes).
    Removing stm32f10x_tim.o(i.TIM_GetPrescaler), (6 bytes).
    Removing stm32f10x_tim.o(i.TIM_ICInit), (172 bytes).
    Removing stm32f10x_tim.o(i.TIM_ICStructInit), (18 bytes).
    Removing stm32f10x_tim.o(i.TIM_ITConfig), (18 bytes).
    Removing stm32f10x_tim.o(i.TIM_ITRxExternalClockConfig), (24 bytes).
    Removing stm32f10x_tim.o(i.TIM_InternalClockConfig), (12 bytes).
    Removing stm32f10x_tim.o(i.TIM_OC1FastConfig), (18 bytes).
    Removing stm32f10x_tim.o(i.TIM_OC1Init), (152 bytes).
    Removing stm32f10x_tim.o(i.TIM_OC1NPolarityConfig), (18 bytes).
    Removing stm32f10x_tim.o(i.TIM_OC1PolarityConfig), (18 bytes).
    Removing stm32f10x_tim.o(i.TIM_OC1PreloadConfig), (18 bytes).
    Removing stm32f10x_tim.o(i.TIM_OC2FastConfig), (26 bytes).
    Removing stm32f10x_tim.o(i.TIM_OC2Init), (164 bytes).
    Removing stm32f10x_tim.o(i.TIM_OC2NPolarityConfig), (26 bytes).
    Removing stm32f10x_tim.o(i.TIM_OC2PolarityConfig), (26 bytes).
    Removing stm32f10x_tim.o(i.TIM_OC2PreloadConfig), (26 bytes).
    Removing stm32f10x_tim.o(i.TIM_OC3FastConfig), (18 bytes).
    Removing stm32f10x_tim.o(i.TIM_OC3Init), (160 bytes).
    Removing stm32f10x_tim.o(i.TIM_OC3NPolarityConfig), (26 bytes).
    Removing stm32f10x_tim.o(i.TIM_OC3PolarityConfig), (26 bytes).
    Removing stm32f10x_tim.o(i.TIM_OC3PreloadConfig), (18 bytes).
    Removing stm32f10x_tim.o(i.TIM_OC4FastConfig), (26 bytes).
    Removing stm32f10x_tim.o(i.TIM_OC4Init), (124 bytes).
    Removing stm32f10x_tim.o(i.TIM_OC4PolarityConfig), (26 bytes).
    Removing stm32f10x_tim.o(i.TIM_OC4PreloadConfig), (26 bytes).
    Removing stm32f10x_tim.o(i.TIM_OCStructInit), (20 bytes).
    Removing stm32f10x_tim.o(i.TIM_PWMIConfig), (124 bytes).
    Removing stm32f10x_tim.o(i.TIM_PrescalerConfig), (6 bytes).
    Removing stm32f10x_tim.o(i.TIM_SelectCCDMA), (24 bytes).
    Removing stm32f10x_tim.o(i.TIM_SelectCOM), (24 bytes).
    Removing stm32f10x_tim.o(i.TIM_SelectHallSensor), (24 bytes).
    Removing stm32f10x_tim.o(i.TIM_SelectInputTrigger), (18 bytes).
    Removing stm32f10x_tim.o(i.TIM_SelectMasterSlaveMode), (18 bytes).
    Removing stm32f10x_tim.o(i.TIM_SelectOCxM), (82 bytes).
    Removing stm32f10x_tim.o(i.TIM_SelectOnePulseMode), (18 bytes).
    Removing stm32f10x_tim.o(i.TIM_SelectOutputTrigger), (18 bytes).
    Removing stm32f10x_tim.o(i.TIM_SelectSlaveMode), (18 bytes).
    Removing stm32f10x_tim.o(i.TIM_SetAutoreload), (4 bytes).
    Removing stm32f10x_tim.o(i.TIM_SetClockDivision), (18 bytes).
    Removing stm32f10x_tim.o(i.TIM_SetCompare1), (4 bytes).
    Removing stm32f10x_tim.o(i.TIM_SetCompare2), (4 bytes).
    Removing stm32f10x_tim.o(i.TIM_SetCompare3), (4 bytes).
    Removing stm32f10x_tim.o(i.TIM_SetCompare4), (6 bytes).
    Removing stm32f10x_tim.o(i.TIM_SetCounter), (4 bytes).
    Removing stm32f10x_tim.o(i.TIM_SetIC1Prescaler), (18 bytes).
    Removing stm32f10x_tim.o(i.TIM_SetIC2Prescaler), (26 bytes).
    Removing stm32f10x_tim.o(i.TIM_SetIC3Prescaler), (18 bytes).
    Removing stm32f10x_tim.o(i.TIM_SetIC4Prescaler), (26 bytes).
    Removing stm32f10x_tim.o(i.TIM_TIxExternalClockConfig), (62 bytes).
    Removing stm32f10x_tim.o(i.TIM_TimeBaseInit), (164 bytes).
    Removing stm32f10x_tim.o(i.TIM_TimeBaseStructInit), (18 bytes).
    Removing stm32f10x_tim.o(i.TIM_UpdateDisableConfig), (24 bytes).
    Removing stm32f10x_tim.o(i.TIM_UpdateRequestConfig), (24 bytes).
    Removing stm32f10x_usart.o(i.USART_ClearFlag), (18 bytes).
    Removing stm32f10x_usart.o(i.USART_ClearITPendingBit), (30 bytes).
    Removing stm32f10x_usart.o(i.USART_ClockInit), (34 bytes).
    Removing stm32f10x_usart.o(i.USART_ClockStructInit), (12 bytes).
    Removing stm32f10x_usart.o(i.USART_Cmd), (24 bytes).
    Removing stm32f10x_usart.o(i.USART_DMACmd), (18 bytes).
    Removing stm32f10x_usart.o(i.USART_DeInit), (156 bytes).
    Removing stm32f10x_usart.o(i.USART_GetFlagStatus), (26 bytes).
    Removing stm32f10x_usart.o(i.USART_GetITStatus), (84 bytes).
    Removing stm32f10x_usart.o(i.USART_HalfDuplexCmd), (24 bytes).
    Removing stm32f10x_usart.o(i.USART_ITConfig), (74 bytes).
    Removing stm32f10x_usart.o(i.USART_Init), (216 bytes).
    Removing stm32f10x_usart.o(i.USART_IrDACmd), (24 bytes).
    Removing stm32f10x_usart.o(i.USART_IrDAConfig), (18 bytes).
    Removing stm32f10x_usart.o(i.USART_LINBreakDetectLengthConfig), (18 bytes).
    Removing stm32f10x_usart.o(i.USART_LINCmd), (24 bytes).
    Removing stm32f10x_usart.o(i.USART_OneBitMethodCmd), (24 bytes).
    Removing stm32f10x_usart.o(i.USART_OverSampling8Cmd), (22 bytes).
    Removing stm32f10x_usart.o(i.USART_ReceiveData), (10 bytes).
    Removing stm32f10x_usart.o(i.USART_ReceiverWakeUpCmd), (24 bytes).
    Removing stm32f10x_usart.o(i.USART_SendBreak), (10 bytes).
    Removing stm32f10x_usart.o(i.USART_SendData), (8 bytes).
    Removing stm32f10x_usart.o(i.USART_SetAddress), (18 bytes).
    Removing stm32f10x_usart.o(i.USART_SetGuardTime), (16 bytes).
    Removing stm32f10x_usart.o(i.USART_SetPrescaler), (16 bytes).
    Removing stm32f10x_usart.o(i.USART_SmartCardCmd), (24 bytes).
    Removing stm32f10x_usart.o(i.USART_SmartCardNACKCmd), (24 bytes).
    Removing stm32f10x_usart.o(i.USART_StructInit), (24 bytes).
    Removing stm32f10x_usart.o(i.USART_WakeUpConfig), (18 bytes).
    Removing stm32f10x_wwdg.o(i.WWDG_ClearFlag), (12 bytes).
    Removing stm32f10x_wwdg.o(i.WWDG_DeInit), (22 bytes).
    Removing stm32f10x_wwdg.o(i.WWDG_Enable), (16 bytes).
    Removing stm32f10x_wwdg.o(i.WWDG_EnableIT), (12 bytes).
    Removing stm32f10x_wwdg.o(i.WWDG_GetFlagStatus), (12 bytes).
    Removing stm32f10x_wwdg.o(i.WWDG_SetCounter), (16 bytes).
    Removing stm32f10x_wwdg.o(i.WWDG_SetPrescaler), (24 bytes).
    Removing stm32f10x_wwdg.o(i.WWDG_SetWindowValue), (40 bytes).
    Removing ierg3810_tftlcd.o(i.lcd_clearCoin), (58 bytes).
    Removing ierg3810_tftlcd.o(i.lcd_clearIce), (58 bytes).
    Removing miniproj.o(i.Delay_ms), (24 bytes).
    Removing miniproj.o(i.Delay_us), (16 bytes).
    Removing core_cm3.o(.emb_text), (32 bytes).
    Removing system_stm32f10x.o(i.SystemCoreClockUpdate), (164 bytes).

479 unused section(s) (total 19548 bytes) removed from the image.

==============================================================================

Image Symbol Table

    Local Symbols

    Symbol Name                              Value     Ov Type        Size  Object(Section)

    ../clib/angel/boardlib.s                 0x00000000   Number         0  boardinit1.o ABSOLUTE
    ../clib/angel/boardlib.s                 0x00000000   Number         0  boardinit2.o ABSOLUTE
    ../clib/angel/boardlib.s                 0x00000000   Number         0  boardshut.o ABSOLUTE
    ../clib/angel/boardlib.s                 0x00000000   Number         0  boardinit3.o ABSOLUTE
    ../clib/angel/handlers.s                 0x00000000   Number         0  __scatter_zi.o ABSOLUTE
    ../clib/angel/handlers.s                 0x00000000   Number         0  __scatter_copy.o ABSOLUTE
    ../clib/angel/kernel.s                   0x00000000   Number         0  __rtentry4.o ABSOLUTE
    ../clib/angel/kernel.s                   0x00000000   Number         0  rtexit.o ABSOLUTE
    ../clib/angel/kernel.s                   0x00000000   Number         0  __rtentry2.o ABSOLUTE
    ../clib/angel/kernel.s                   0x00000000   Number         0  rtexit2.o ABSOLUTE
    ../clib/angel/kernel.s                   0x00000000   Number         0  __rtentry.o ABSOLUTE
    ../clib/angel/rt.s                       0x00000000   Number         0  rt_raise.o ABSOLUTE
    ../clib/angel/scatter.s                  0x00000000   Number         0  __scatter.o ABSOLUTE
    ../clib/angel/startup.s                  0x00000000   Number         0  __main.o ABSOLUTE
    ../clib/angel/sys.s                      0x00000000   Number         0  indicate_semi.o ABSOLUTE
    ../clib/angel/sys.s                      0x00000000   Number         0  sys_stackheap_outer.o ABSOLUTE
    ../clib/angel/sys.s                      0x00000000   Number         0  libspace.o ABSOLUTE
    ../clib/angel/sys.s                      0x00000000   Number         0  use_no_semi.o ABSOLUTE
    ../clib/angel/sysapp.c                   0x00000000   Number         0  sys_wrch.o ABSOLUTE
    ../clib/angel/sysapp.c                   0x00000000   Number         0  sys_command.o ABSOLUTE
    ../clib/angel/sysapp.c                   0x00000000   Number         0  sys_exit.o ABSOLUTE
    ../clib/armsys.c                         0x00000000   Number         0  no_argv.o ABSOLUTE
    ../clib/armsys.c                         0x00000000   Number         0  _get_argv_nomalloc.o ABSOLUTE
    ../clib/armsys.c                         0x00000000   Number         0  argv_veneer.o ABSOLUTE
    ../clib/armsys.c                         0x00000000   Number         0  argv_veneer.o ABSOLUTE
    ../clib/heapalloc.c                      0x00000000   Number         0  hrguard.o ABSOLUTE
    ../clib/heapaux.c                        0x00000000   Number         0  heapauxi.o ABSOLUTE
    ../clib/libinit.s                        0x00000000   Number         0  libshutdown.o ABSOLUTE
    ../clib/libinit.s                        0x00000000   Number         0  libinit.o ABSOLUTE
    ../clib/libinit.s                        0x00000000   Number         0  libinit2.o ABSOLUTE
    ../clib/libinit.s                        0x00000000   Number         0  libshutdown2.o ABSOLUTE
    ../clib/signal.c                         0x00000000   Number         0  defsig_rtmem_inner.o ABSOLUTE
    ../clib/signal.c                         0x00000000   Number         0  defsig_exit.o ABSOLUTE
    ../clib/signal.c                         0x00000000   Number         0  defsig_rtmem_formal.o ABSOLUTE
    ../clib/signal.c                         0x00000000   Number         0  defsig_other.o ABSOLUTE
    ../clib/signal.c                         0x00000000   Number         0  defsig_segv_inner.o ABSOLUTE
    ../clib/signal.c                         0x00000000   Number         0  defsig_cppl_inner.o ABSOLUTE
    ../clib/signal.c                         0x00000000   Number         0  __raise.o ABSOLUTE
    ../clib/signal.c                         0x00000000   Number         0  defsig_pvfn_inner.o ABSOLUTE
    ../clib/signal.c                         0x00000000   Number         0  defsig_stak_inner.o ABSOLUTE
    ../clib/signal.c                         0x00000000   Number         0  defsig_rtred_inner.o ABSOLUTE
    ../clib/signal.c                         0x00000000   Number         0  defsig_fpe_inner.o ABSOLUTE
    ../clib/signal.c                         0x00000000   Number         0  defsig_general.o ABSOLUTE
    ../clib/signal.c                         0x00000000   Number         0  defsig_abrt_inner.o ABSOLUTE
    ../clib/signal.c                         0x00000000   Number         0  defsig_rtmem_outer.o ABSOLUTE
    ../clib/signal.s                         0x00000000   Number         0  defsig.o ABSOLUTE
    ../clib/stdlib.c                         0x00000000   Number         0  exit.o ABSOLUTE
    ../fplib/fpinit.s                        0x00000000   Number         0  fpinit.o ABSOLUTE
    Board\IERG3810_Buzzer.c                  0x00000000   Number         0  ierg3810_buzzer.o ABSOLUTE
    Board\IERG3810_KEY.c                     0x00000000   Number         0  ierg3810_key.o ABSOLUTE
    Board\IERG3810_LED.c                     0x00000000   Number         0  ierg3810_led.o ABSOLUTE
    Board\IERG3810_TFTLCD.c                  0x00000000   Number         0  ierg3810_tftlcd.o ABSOLUTE
    Board\LCDinit.c                          0x00000000   Number         0  lcdinit.o ABSOLUTE
    Board\joypad.c                           0x00000000   Number         0  joypad.o ABSOLUTE
    Core\\core_cm3.c                         0x00000000   Number         0  core_cm3.o ABSOLUTE
    Core\core_cm3.c                          0x00000000   Number         0  core_cm3.o ABSOLUTE
    Core\startup_stm32f10x_hd.s              0x00000000   Number         0  startup_stm32f10x_hd.o ABSOLUTE
    Core\system_stm32f10x.c                  0x00000000   Number         0  system_stm32f10x.o ABSOLUTE
    Fw_lib\src\misc.c                        0x00000000   Number         0  misc.o ABSOLUTE
    Fw_lib\src\stm32f10x_adc.c               0x00000000   Number         0  stm32f10x_adc.o ABSOLUTE
    Fw_lib\src\stm32f10x_bkp.c               0x00000000   Number         0  stm32f10x_bkp.o ABSOLUTE
    Fw_lib\src\stm32f10x_can.c               0x00000000   Number         0  stm32f10x_can.o ABSOLUTE
    Fw_lib\src\stm32f10x_cec.c               0x00000000   Number         0  stm32f10x_cec.o ABSOLUTE
    Fw_lib\src\stm32f10x_crc.c               0x00000000   Number         0  stm32f10x_crc.o ABSOLUTE
    Fw_lib\src\stm32f10x_dac.c               0x00000000   Number         0  stm32f10x_dac.o ABSOLUTE
    Fw_lib\src\stm32f10x_dbgmcu.c            0x00000000   Number         0  stm32f10x_dbgmcu.o ABSOLUTE
    Fw_lib\src\stm32f10x_dma.c               0x00000000   Number         0  stm32f10x_dma.o ABSOLUTE
    Fw_lib\src\stm32f10x_exti.c              0x00000000   Number         0  stm32f10x_exti.o ABSOLUTE
    Fw_lib\src\stm32f10x_flash.c             0x00000000   Number         0  stm32f10x_flash.o ABSOLUTE
    Fw_lib\src\stm32f10x_fsmc.c              0x00000000   Number         0  stm32f10x_fsmc.o ABSOLUTE
    Fw_lib\src\stm32f10x_gpio.c              0x00000000   Number         0  stm32f10x_gpio.o ABSOLUTE
    Fw_lib\src\stm32f10x_i2c.c               0x00000000   Number         0  stm32f10x_i2c.o ABSOLUTE
    Fw_lib\src\stm32f10x_iwdg.c              0x00000000   Number         0  stm32f10x_iwdg.o ABSOLUTE
    Fw_lib\src\stm32f10x_pwr.c               0x00000000   Number         0  stm32f10x_pwr.o ABSOLUTE
    Fw_lib\src\stm32f10x_rcc.c               0x00000000   Number         0  stm32f10x_rcc.o ABSOLUTE
    Fw_lib\src\stm32f10x_rtc.c               0x00000000   Number         0  stm32f10x_rtc.o ABSOLUTE
    Fw_lib\src\stm32f10x_sdio.c              0x00000000   Number         0  stm32f10x_sdio.o ABSOLUTE
    Fw_lib\src\stm32f10x_spi.c               0x00000000   Number         0  stm32f10x_spi.o ABSOLUTE
    Fw_lib\src\stm32f10x_tim.c               0x00000000   Number         0  stm32f10x_tim.o ABSOLUTE
    Fw_lib\src\stm32f10x_usart.c             0x00000000   Number         0  stm32f10x_usart.o ABSOLUTE
    Fw_lib\src\stm32f10x_wwdg.c              0x00000000   Number         0  stm32f10x_wwdg.o ABSOLUTE
    User\miniProj.c                          0x00000000   Number         0  miniproj.o ABSOLUTE
    User\stm32f10x_it.c                      0x00000000   Number         0  stm32f10x_it.o ABSOLUTE
    dc.s                                     0x00000000   Number         0  dc.o ABSOLUTE
    RESET                                    0x08000000   Section      304  startup_stm32f10x_hd.o(RESET)
    !!!main                                  0x08000130   Section        8  __main.o(!!!main)
    !!!scatter                               0x08000138   Section       52  __scatter.o(!!!scatter)
    !!handler_copy                           0x0800016c   Section       26  __scatter_copy.o(!!handler_copy)
    !!handler_zi                             0x08000188   Section       28  __scatter_zi.o(!!handler_zi)
    .ARM.Collect$$libinit$$00000000          0x080001a4   Section        2  libinit.o(.ARM.Collect$$libinit$$00000000)
    .ARM.Collect$$libinit$$00000002          0x080001a6   Section        0  libinit2.o(.ARM.Collect$$libinit$$00000002)
    .ARM.Collect$$libinit$$00000004          0x080001a6   Section        0  libinit2.o(.ARM.Collect$$libinit$$00000004)
    .ARM.Collect$$libinit$$0000000A          0x080001a6   Section        0  libinit2.o(.ARM.Collect$$libinit$$0000000A)
    .ARM.Collect$$libinit$$0000000C          0x080001a6   Section        0  libinit2.o(.ARM.Collect$$libinit$$0000000C)
    .ARM.Collect$$libinit$$0000000E          0x080001a6   Section        0  libinit2.o(.ARM.Collect$$libinit$$0000000E)
    .ARM.Collect$$libinit$$00000011          0x080001a6   Section        0  libinit2.o(.ARM.Collect$$libinit$$00000011)
    .ARM.Collect$$libinit$$00000013          0x080001a6   Section        0  libinit2.o(.ARM.Collect$$libinit$$00000013)
    .ARM.Collect$$libinit$$00000015          0x080001a6   Section        0  libinit2.o(.ARM.Collect$$libinit$$00000015)
    .ARM.Collect$$libinit$$00000017          0x080001a6   Section        0  libinit2.o(.ARM.Collect$$libinit$$00000017)
    .ARM.Collect$$libinit$$00000019          0x080001a6   Section        0  libinit2.o(.ARM.Collect$$libinit$$00000019)
    .ARM.Collect$$libinit$$0000001B          0x080001a6   Section        0  libinit2.o(.ARM.Collect$$libinit$$0000001B)
    .ARM.Collect$$libinit$$0000001D          0x080001a6   Section        0  libinit2.o(.ARM.Collect$$libinit$$0000001D)
    .ARM.Collect$$libinit$$0000001F          0x080001a6   Section        0  libinit2.o(.ARM.Collect$$libinit$$0000001F)
    .ARM.Collect$$libinit$$00000021          0x080001a6   Section        0  libinit2.o(.ARM.Collect$$libinit$$00000021)
    .ARM.Collect$$libinit$$00000023          0x080001a6   Section        0  libinit2.o(.ARM.Collect$$libinit$$00000023)
    .ARM.Collect$$libinit$$00000025          0x080001a6   Section        0  libinit2.o(.ARM.Collect$$libinit$$00000025)
    .ARM.Collect$$libinit$$0000002C          0x080001a6   Section        0  libinit2.o(.ARM.Collect$$libinit$$0000002C)
    .ARM.Collect$$libinit$$0000002E          0x080001a6   Section        0  libinit2.o(.ARM.Collect$$libinit$$0000002E)
    .ARM.Collect$$libinit$$00000030          0x080001a6   Section        0  libinit2.o(.ARM.Collect$$libinit$$00000030)
    .ARM.Collect$$libinit$$00000032          0x080001a6   Section        0  libinit2.o(.ARM.Collect$$libinit$$00000032)
    .ARM.Collect$$libinit$$00000033          0x080001a6   Section        2  libinit2.o(.ARM.Collect$$libinit$$00000033)
    .ARM.Collect$$libshutdown$$00000000      0x080001a8   Section        2  libshutdown.o(.ARM.Collect$$libshutdown$$00000000)
    .ARM.Collect$$libshutdown$$00000003      0x080001aa   Section        0  libshutdown2.o(.ARM.Collect$$libshutdown$$00000003)
    .ARM.Collect$$libshutdown$$00000006      0x080001aa   Section        0  libshutdown2.o(.ARM.Collect$$libshutdown$$00000006)
    .ARM.Collect$$libshutdown$$00000009      0x080001aa   Section        0  libshutdown2.o(.ARM.Collect$$libshutdown$$00000009)
    .ARM.Collect$$libshutdown$$0000000B      0x080001aa   Section        0  libshutdown2.o(.ARM.Collect$$libshutdown$$0000000B)
    .ARM.Collect$$libshutdown$$0000000E      0x080001aa   Section        0  libshutdown2.o(.ARM.Collect$$libshutdown$$0000000E)
    .ARM.Collect$$libshutdown$$0000000F      0x080001aa   Section        2  libshutdown2.o(.ARM.Collect$$libshutdown$$0000000F)
    .ARM.Collect$$rtentry$$00000000          0x080001ac   Section        0  __rtentry.o(.ARM.Collect$$rtentry$$00000000)
    .ARM.Collect$$rtentry$$00000002          0x080001ac   Section        0  __rtentry2.o(.ARM.Collect$$rtentry$$00000002)
    .ARM.Collect$$rtentry$$00000004          0x080001ac   Section        6  __rtentry4.o(.ARM.Collect$$rtentry$$00000004)
    .ARM.Collect$$rtentry$$00000009          0x080001b2   Section        0  __rtentry2.o(.ARM.Collect$$rtentry$$00000009)
    .ARM.Collect$$rtentry$$0000000A          0x080001b2   Section        4  __rtentry2.o(.ARM.Collect$$rtentry$$0000000A)
    .ARM.Collect$$rtentry$$0000000C          0x080001b6   Section        0  __rtentry2.o(.ARM.Collect$$rtentry$$0000000C)
    .ARM.Collect$$rtentry$$0000000D          0x080001b6   Section        8  __rtentry2.o(.ARM.Collect$$rtentry$$0000000D)
    .ARM.Collect$$rtexit$$00000000           0x080001be   Section        2  rtexit.o(.ARM.Collect$$rtexit$$00000000)
    .ARM.Collect$$rtexit$$00000002           0x080001c0   Section        0  rtexit2.o(.ARM.Collect$$rtexit$$00000002)
    .ARM.Collect$$rtexit$$00000003           0x080001c0   Section        4  rtexit2.o(.ARM.Collect$$rtexit$$00000003)
    .ARM.Collect$$rtexit$$00000004           0x080001c4   Section        6  rtexit2.o(.ARM.Collect$$rtexit$$00000004)
    .text                                    0x080001cc   Section       64  startup_stm32f10x_hd.o(.text)
    .text                                    0x0800020c   Section        0  heapauxi.o(.text)
    .text                                    0x08000212   Section       74  sys_stackheap_outer.o(.text)
    .text                                    0x0800025c   Section        0  exit.o(.text)
    .text                                    0x08000268   Section        8  libspace.o(.text)
    .text                                    0x08000270   Section        0  sys_exit.o(.text)
    .text                                    0x0800027c   Section        2  use_no_semi.o(.text)
    .text                                    0x0800027e   Section        0  indicate_semi.o(.text)
    i.BusFault_Handler                       0x0800027e   Section        0  stm32f10x_it.o(i.BusFault_Handler)
    i.Buzzer_Init                            0x08000284   Section        0  ierg3810_buzzer.o(i.Buzzer_Init)
    i.Buzzer_Play_Note                       0x080002b8   Section        0  stm32f10x_it.o(i.Buzzer_Play_Note)
    i.Buzzer_Update_1ms                      0x08000338   Section        0  stm32f10x_it.o(i.Buzzer_Update_1ms)
    i.ClearPlayer1                           0x08000414   Section        0  miniproj.o(i.ClearPlayer1)
    i.ClearPlayer2                           0x08000428   Section        0  miniproj.o(i.ClearPlayer2)
    i.Collect1_Coin                          0x0800043c   Section        0  miniproj.o(i.Collect1_Coin)
    i.Collect2_Coin                          0x0800044c   Section        0  miniproj.o(i.Collect2_Coin)
    i.CreateIceWall_P1                       0x0800045c   Section        0  miniproj.o(i.CreateIceWall_P1)
    i.CreateIceWall_P2                       0x080004c8   Section        0  miniproj.o(i.CreateIceWall_P2)
    i.DebugMon_Handler                       0x08000534   Section        0  stm32f10x_it.o(i.DebugMon_Handler)
    i.Delay                                  0x08000536   Section        0  miniproj.o(i.Delay)
    i.DrawPlayer1                            0x08000542   Section        0  miniproj.o(i.DrawPlayer1)
    i.DrawPlayer2                            0x08000556   Section        0  miniproj.o(i.DrawPlayer2)
    i.EXTI15_10_IRQHandler                   0x0800056c   Section        0  miniproj.o(i.EXTI15_10_IRQHandler)
    i.Game_Start                             0x08000650   Section        0  miniproj.o(i.Game_Start)
    i.HardFault_Handler                      0x080006c4   Section        0  stm32f10x_it.o(i.HardFault_Handler)
    i.JoyPad_Init                            0x080006c8   Section        0  joypad.o(i.JoyPad_Init)
    i.KEY_Init                               0x08000744   Section        0  ierg3810_key.o(i.KEY_Init)
    i.LCD_ShowCoinCountP1                    0x08000800   Section        0  miniproj.o(i.LCD_ShowCoinCountP1)
    i.LCD_ShowCoinCountP2                    0x080008dc   Section        0  miniproj.o(i.LCD_ShowCoinCountP2)
    i.LCD_ShowTime                           0x080009b8   Section        0  miniproj.o(i.LCD_ShowTime)
    i.LED_Init                               0x08000b18   Section        0  ierg3810_led.o(i.LED_Init)
    i.MemManage_Handler                      0x08000b78   Section        0  stm32f10x_it.o(i.MemManage_Handler)
    i.Music_Start                            0x08000b7c   Section        0  stm32f10x_it.o(i.Music_Start)
    i.Music_Stop                             0x08000ba4   Section        0  stm32f10x_it.o(i.Music_Stop)
    i.NMI_Handler                            0x08000bc4   Section        0  stm32f10x_it.o(i.NMI_Handler)
    i.PS2_ResetAllKeyStates                  0x08000bc8   Section        0  miniproj.o(i.PS2_ResetAllKeyStates)
    i.PendSV_Handler                         0x08000c30   Section        0  stm32f10x_it.o(i.PendSV_Handler)
    i.Play_SFX                               0x08000c32   Section        0  stm32f10x_it.o(i.Play_SFX)
    i.Read_JoyPad                            0x08000c44   Section        0  joypad.o(i.Read_JoyPad)
    i.SVC_Handler                            0x08000d04   Section        0  stm32f10x_it.o(i.SVC_Handler)
    i.SetSysClock                            0x08000d06   Section        0  system_stm32f10x.o(i.SetSysClock)
    SetSysClock                              0x08000d07   Thumb Code     8  system_stm32f10x.o(i.SetSysClock)
    i.SetSysClockTo72                        0x08000d10   Section        0  system_stm32f10x.o(i.SetSysClockTo72)
    SetSysClockTo72                          0x08000d11   Thumb Code   214  system_stm32f10x.o(i.SetSysClockTo72)
    i.StartIceWall                           0x08000df0   Section        0  miniproj.o(i.StartIceWall)
    i.SysTick_Handler                        0x08000ec4   Section        0  stm32f10x_it.o(i.SysTick_Handler)
    i.SystemInit                             0x08000f3c   Section        0  system_stm32f10x.o(i.SystemInit)
    i.UsageFault_Handler                     0x08000f9c   Section        0  stm32f10x_it.o(i.UsageFault_Handler)
    i.__ARM_pop                              0x08000fa0   Section        0  miniproj.o(i.__ARM_pop)
    i.coin_init                              0x08000fd0   Section        0  miniproj.o(i.coin_init)
    i.delay_us                               0x080010ac   Section        0  joypad.o(i.delay_us)
    i.lcd_9341_setParameter                  0x080010be   Section        0  lcdinit.o(i.lcd_9341_setParameter)
    i.lcd_backlight_init                     0x080010ec   Section        0  lcdinit.o(i.lcd_backlight_init)
    i.lcd_clearP1                            0x08001118   Section        0  ierg3810_tftlcd.o(i.lcd_clearP1)
    i.lcd_clearP2                            0x08001154   Section        0  ierg3810_tftlcd.o(i.lcd_clearP2)
    i.lcd_drawDot                            0x080011ac   Section        0  lcdinit.o(i.lcd_drawDot)
    i.lcd_fillRectangle                      0x080011fc   Section        0  ierg3810_tftlcd.o(i.lcd_fillRectangle)
    i.lcd_init                               0x08001280   Section        0  lcdinit.o(i.lcd_init)
    i.lcd_showChar                           0x08001400   Section        0  ierg3810_tftlcd.o(i.lcd_showChar)
    i.lcd_showCoin                           0x080014ac   Section        0  ierg3810_tftlcd.o(i.lcd_showCoin)
    i.lcd_showIce                            0x08001504   Section        0  ierg3810_tftlcd.o(i.lcd_showIce)
    i.lcd_showP1                             0x08001554   Section        0  ierg3810_tftlcd.o(i.lcd_showP1)
    i.lcd_showP2                             0x080015ac   Section        0  ierg3810_tftlcd.o(i.lcd_showP2)
    i.lcd_showString                         0x08001604   Section        0  ierg3810_tftlcd.o(i.lcd_showString)
    i.lcd_wr_data                            0x08001648   Section        0  lcdinit.o(i.lcd_wr_data)
    i.lcd_wr_reg                             0x08001654   Section        0  lcdinit.o(i.lcd_wr_reg)
    i.main                                   0x08001660   Section        0  miniproj.o(i.main)
    i.map_init                               0x08001f2c   Section        0  miniproj.o(i.map_init)
    i.nvic_setPriorityGroup                  0x08001f7c   Section        0  miniproj.o(i.nvic_setPriorityGroup)
    i.player2_init                           0x08001fa8   Section        0  miniproj.o(i.player2_init)
    i.printendgamemenu                       0x0800202c   Section        0  miniproj.o(i.printendgamemenu)
    i.printgamemap                           0x08002160   Section        0  miniproj.o(i.printgamemap)
    i.printgamerules                         0x08002234   Section        0  miniproj.o(i.printgamerules)
    i.printgroupinfo                         0x08002408   Section        0  miniproj.o(i.printgroupinfo)
    i.printmenuitems                         0x080025ac   Section        0  miniproj.o(i.printmenuitems)
    i.ps2_sample_data                        0x08002668   Section        0  miniproj.o(i.ps2_sample_data)
    i.ps2key_exitInit                        0x08002678   Section        0  miniproj.o(i.ps2key_exitInit)
    i.set_joypad_flags                       0x0800271c   Section        0  miniproj.o(i.set_joypad_flags)
    i.set_key_flags                          0x0800283c   Section        0  miniproj.o(i.set_key_flags)
    .constdata                               0x08002934   Section     3568  ierg3810_tftlcd.o(.constdata)
    player1                                  0x08002f24   Data         512  ierg3810_tftlcd.o(.constdata)
    player2                                  0x08003124   Data         512  ierg3810_tftlcd.o(.constdata)
    coin                                     0x08003524   Data         512  ierg3810_tftlcd.o(.constdata)
    .constdata                               0x08003724   Section       16  stm32f10x_it.o(.constdata)
    .constdata                               0x08003734   Section    125240  miniproj.o(.constdata)
    .data                                    0x20000000   Section        8  joypad.o(.data)
    .data                                    0x20000008   Section       23  stm32f10x_it.o(.data)
    .data                                    0x20000020   Section      159  miniproj.o(.data)
    .data                                    0x200000c0   Section       20  system_stm32f10x.o(.data)
    .bss                                     0x200000d4   Section     1500  miniproj.o(.bss)
    .bss                                     0x200006b0   Section       96  libspace.o(.bss)
    HEAP                                     0x20000710   Section      512  startup_stm32f10x_hd.o(HEAP)
    Heap_Mem                                 0x20000710   Data         512  startup_stm32f10x_hd.o(HEAP)
    STACK                                    0x20000910   Section     1024  startup_stm32f10x_hd.o(STACK)
    Stack_Mem                                0x20000910   Data        1024  startup_stm32f10x_hd.o(STACK)
    __initial_sp                             0x20000d10   Data           0  startup_stm32f10x_hd.o(STACK)

    Global Symbols

    Symbol Name                              Value     Ov Type        Size  Object(Section)

    BuildAttributes$$THM_ISAv4$P$D$K$B$S$PE$A:L22UL41UL21$X:L11$S22US41US21$IEEE1$IW$USESV6$~STKCKD$USESV7$~SHL$OSPACE$ROPI$EBA8$UX$STANDARDLIB$REQ8$PRES8$EABIv2 0x00000000   Number         0  anon$$obj.o ABSOLUTE
    __ARM_use_no_argv                        0x00000000   Number         0  miniproj.o ABSOLUTE
    __ARM_exceptions_init                     - Undefined Weak Reference
    __alloca_initialize                       - Undefined Weak Reference
    __arm_preinit_                            - Undefined Weak Reference
    __cpp_initialize__aeabi_                  - Undefined Weak Reference
    __cxa_finalize                            - Undefined Weak Reference
    __rt_locale                               - Undefined Weak Reference
    __sigvec_lookup                           - Undefined Weak Reference
    _atexit_init                              - Undefined Weak Reference
    _call_atexit_fns                          - Undefined Weak Reference
    _clock_init                               - Undefined Weak Reference
    _fp_trap_init                             - Undefined Weak Reference
    _fp_trap_shutdown                         - Undefined Weak Reference
    _get_lc_collate                           - Undefined Weak Reference
    _get_lc_ctype                             - Undefined Weak Reference
    _get_lc_monetary                          - Undefined Weak Reference
    _get_lc_numeric                           - Undefined Weak Reference
    _get_lc_time                              - Undefined Weak Reference
    _getenv_init                              - Undefined Weak Reference
    _handle_redirection                       - Undefined Weak Reference
    _init_alloc                               - Undefined Weak Reference
    _init_user_alloc                          - Undefined Weak Reference
    _initio                                   - Undefined Weak Reference
    _rand_init                                - Undefined Weak Reference
    _signal_finish                            - Undefined Weak Reference
    _signal_init                              - Undefined Weak Reference
    _terminate_alloc                          - Undefined Weak Reference
    _terminate_user_alloc                     - Undefined Weak Reference
    _terminateio                              - Undefined Weak Reference
    __Vectors_Size                           0x00000130   Number         0  startup_stm32f10x_hd.o ABSOLUTE
    __Vectors                                0x08000000   Data           4  startup_stm32f10x_hd.o(RESET)
    __Vectors_End                            0x08000130   Data           0  startup_stm32f10x_hd.o(RESET)
    __main                                   0x08000131   Thumb Code     8  __main.o(!!!main)
    __scatterload                            0x08000139   Thumb Code     0  __scatter.o(!!!scatter)
    __scatterload_rt2                        0x08000139   Thumb Code    44  __scatter.o(!!!scatter)
    __scatterload_rt2_thumb_only             0x08000139   Thumb Code     0  __scatter.o(!!!scatter)
    __scatterload_null                       0x08000147   Thumb Code     0  __scatter.o(!!!scatter)
    __scatterload_copy                       0x0800016d   Thumb Code    26  __scatter_copy.o(!!handler_copy)
    __scatterload_zeroinit                   0x08000189   Thumb Code    28  __scatter_zi.o(!!handler_zi)
    __rt_lib_init                            0x080001a5   Thumb Code     0  libinit.o(.ARM.Collect$$libinit$$00000000)
    __rt_lib_init_alloca_1                   0x080001a7   Thumb Code     0  libinit2.o(.ARM.Collect$$libinit$$0000002E)
    __rt_lib_init_argv_1                     0x080001a7   Thumb Code     0  libinit2.o(.ARM.Collect$$libinit$$0000002C)
    __rt_lib_init_atexit_1                   0x080001a7   Thumb Code     0  libinit2.o(.ARM.Collect$$libinit$$0000001B)
    __rt_lib_init_clock_1                    0x080001a7   Thumb Code     0  libinit2.o(.ARM.Collect$$libinit$$00000021)
    __rt_lib_init_cpp_1                      0x080001a7   Thumb Code     0  libinit2.o(.ARM.Collect$$libinit$$00000032)
    __rt_lib_init_exceptions_1               0x080001a7   Thumb Code     0  libinit2.o(.ARM.Collect$$libinit$$00000030)
    __rt_lib_init_fp_1                       0x080001a7   Thumb Code     0  libinit2.o(.ARM.Collect$$libinit$$00000002)
    __rt_lib_init_fp_trap_1                  0x080001a7   Thumb Code     0  libinit2.o(.ARM.Collect$$libinit$$0000001F)
    __rt_lib_init_getenv_1                   0x080001a7   Thumb Code     0  libinit2.o(.ARM.Collect$$libinit$$00000023)
    __rt_lib_init_heap_1                     0x080001a7   Thumb Code     0  libinit2.o(.ARM.Collect$$libinit$$0000000A)
    __rt_lib_init_lc_collate_1               0x080001a7   Thumb Code     0  libinit2.o(.ARM.Collect$$libinit$$00000011)
    __rt_lib_init_lc_ctype_1                 0x080001a7   Thumb Code     0  libinit2.o(.ARM.Collect$$libinit$$00000013)
    __rt_lib_init_lc_monetary_1              0x080001a7   Thumb Code     0  libinit2.o(.ARM.Collect$$libinit$$00000015)
    __rt_lib_init_lc_numeric_1               0x080001a7   Thumb Code     0  libinit2.o(.ARM.Collect$$libinit$$00000017)
    __rt_lib_init_lc_time_1                  0x080001a7   Thumb Code     0  libinit2.o(.ARM.Collect$$libinit$$00000019)
    __rt_lib_init_preinit_1                  0x080001a7   Thumb Code     0  libinit2.o(.ARM.Collect$$libinit$$00000004)
    __rt_lib_init_rand_1                     0x080001a7   Thumb Code     0  libinit2.o(.ARM.Collect$$libinit$$0000000E)
    __rt_lib_init_return                     0x080001a7   Thumb Code     0  libinit2.o(.ARM.Collect$$libinit$$00000033)
    __rt_lib_init_signal_1                   0x080001a7   Thumb Code     0  libinit2.o(.ARM.Collect$$libinit$$0000001D)
    __rt_lib_init_stdio_1                    0x080001a7   Thumb Code     0  libinit2.o(.ARM.Collect$$libinit$$00000025)
    __rt_lib_init_user_alloc_1               0x080001a7   Thumb Code     0  libinit2.o(.ARM.Collect$$libinit$$0000000C)
    __rt_lib_shutdown                        0x080001a9   Thumb Code     0  libshutdown.o(.ARM.Collect$$libshutdown$$00000000)
    __rt_lib_shutdown_fp_trap_1              0x080001ab   Thumb Code     0  libshutdown2.o(.ARM.Collect$$libshutdown$$00000006)
    __rt_lib_shutdown_heap_1                 0x080001ab   Thumb Code     0  libshutdown2.o(.ARM.Collect$$libshutdown$$0000000E)
    __rt_lib_shutdown_return                 0x080001ab   Thumb Code     0  libshutdown2.o(.ARM.Collect$$libshutdown$$0000000F)
    __rt_lib_shutdown_signal_1               0x080001ab   Thumb Code     0  libshutdown2.o(.ARM.Collect$$libshutdown$$00000009)
    __rt_lib_shutdown_stdio_1                0x080001ab   Thumb Code     0  libshutdown2.o(.ARM.Collect$$libshutdown$$00000003)
    __rt_lib_shutdown_user_alloc_1           0x080001ab   Thumb Code     0  libshutdown2.o(.ARM.Collect$$libshutdown$$0000000B)
    __rt_entry                               0x080001ad   Thumb Code     0  __rtentry.o(.ARM.Collect$$rtentry$$00000000)
    __rt_entry_presh_1                       0x080001ad   Thumb Code     0  __rtentry2.o(.ARM.Collect$$rtentry$$00000002)
    __rt_entry_sh                            0x080001ad   Thumb Code     0  __rtentry4.o(.ARM.Collect$$rtentry$$00000004)
    __rt_entry_li                            0x080001b3   Thumb Code     0  __rtentry2.o(.ARM.Collect$$rtentry$$0000000A)
    __rt_entry_postsh_1                      0x080001b3   Thumb Code     0  __rtentry2.o(.ARM.Collect$$rtentry$$00000009)
    __rt_entry_main                          0x080001b7   Thumb Code     0  __rtentry2.o(.ARM.Collect$$rtentry$$0000000D)
    __rt_entry_postli_1                      0x080001b7   Thumb Code     0  __rtentry2.o(.ARM.Collect$$rtentry$$0000000C)
    __rt_exit                                0x080001bf   Thumb Code     0  rtexit.o(.ARM.Collect$$rtexit$$00000000)
    __rt_exit_ls                             0x080001c1   Thumb Code     0  rtexit2.o(.ARM.Collect$$rtexit$$00000003)
    __rt_exit_prels_1                        0x080001c1   Thumb Code     0  rtexit2.o(.ARM.Collect$$rtexit$$00000002)
    __rt_exit_exit                           0x080001c5   Thumb Code     0  rtexit2.o(.ARM.Collect$$rtexit$$00000004)
    Reset_Handler                            0x080001cd   Thumb Code     8  startup_stm32f10x_hd.o(.text)
    ADC1_2_IRQHandler                        0x080001e7   Thumb Code     0  startup_stm32f10x_hd.o(.text)
    ADC3_IRQHandler                          0x080001e7   Thumb Code     0  startup_stm32f10x_hd.o(.text)
    CAN1_RX1_IRQHandler                      0x080001e7   Thumb Code     0  startup_stm32f10x_hd.o(.text)
    CAN1_SCE_IRQHandler                      0x080001e7   Thumb Code     0  startup_stm32f10x_hd.o(.text)
    DMA1_Channel1_IRQHandler                 0x080001e7   Thumb Code     0  startup_stm32f10x_hd.o(.text)
    DMA1_Channel2_IRQHandler                 0x080001e7   Thumb Code     0  startup_stm32f10x_hd.o(.text)
    DMA1_Channel3_IRQHandler                 0x080001e7   Thumb Code     0  startup_stm32f10x_hd.o(.text)
    DMA1_Channel4_IRQHandler                 0x080001e7   Thumb Code     0  startup_stm32f10x_hd.o(.text)
    DMA1_Channel5_IRQHandler                 0x080001e7   Thumb Code     0  startup_stm32f10x_hd.o(.text)
    DMA1_Channel6_IRQHandler                 0x080001e7   Thumb Code     0  startup_stm32f10x_hd.o(.text)
    DMA1_Channel7_IRQHandler                 0x080001e7   Thumb Code     0  startup_stm32f10x_hd.o(.text)
    DMA2_Channel1_IRQHandler                 0x080001e7   Thumb Code     0  startup_stm32f10x_hd.o(.text)
    DMA2_Channel2_IRQHandler                 0x080001e7   Thumb Code     0  startup_stm32f10x_hd.o(.text)
    DMA2_Channel3_IRQHandler                 0x080001e7   Thumb Code     0  startup_stm32f10x_hd.o(.text)
    DMA2_Channel4_5_IRQHandler               0x080001e7   Thumb Code     0  startup_stm32f10x_hd.o(.text)
    EXTI0_IRQHandler                         0x080001e7   Thumb Code     0  startup_stm32f10x_hd.o(.text)
    EXTI1_IRQHandler                         0x080001e7   Thumb Code     0  startup_stm32f10x_hd.o(.text)
    EXTI2_IRQHandler                         0x080001e7   Thumb Code     0  startup_stm32f10x_hd.o(.text)
    EXTI3_IRQHandler                         0x080001e7   Thumb Code     0  startup_stm32f10x_hd.o(.text)
    EXTI4_IRQHandler                         0x080001e7   Thumb Code     0  startup_stm32f10x_hd.o(.text)
    EXTI9_5_IRQHandler                       0x080001e7   Thumb Code     0  startup_stm32f10x_hd.o(.text)
    FLASH_IRQHandler                         0x080001e7   Thumb Code     0  startup_stm32f10x_hd.o(.text)
    FSMC_IRQHandler                          0x080001e7   Thumb Code     0  startup_stm32f10x_hd.o(.text)
    I2C1_ER_IRQHandler                       0x080001e7   Thumb Code     0  startup_stm32f10x_hd.o(.text)
    I2C1_EV_IRQHandler                       0x080001e7   Thumb Code     0  startup_stm32f10x_hd.o(.text)
    I2C2_ER_IRQHandler                       0x080001e7   Thumb Code     0  startup_stm32f10x_hd.o(.text)
    I2C2_EV_IRQHandler                       0x080001e7   Thumb Code     0  startup_stm32f10x_hd.o(.text)
    PVD_IRQHandler                           0x080001e7   Thumb Code     0  startup_stm32f10x_hd.o(.text)
    RCC_IRQHandler                           0x080001e7   Thumb Code     0  startup_stm32f10x_hd.o(.text)
    RTCAlarm_IRQHandler                      0x080001e7   Thumb Code     0  startup_stm32f10x_hd.o(.text)
    RTC_IRQHandler                           0x080001e7   Thumb Code     0  startup_stm32f10x_hd.o(.text)
    SDIO_IRQHandler                          0x080001e7   Thumb Code     0  startup_stm32f10x_hd.o(.text)
    SPI1_IRQHandler                          0x080001e7   Thumb Code     0  startup_stm32f10x_hd.o(.text)
    SPI2_IRQHandler                          0x080001e7   Thumb Code     0  startup_stm32f10x_hd.o(.text)
    SPI3_IRQHandler                          0x080001e7   Thumb Code     0  startup_stm32f10x_hd.o(.text)
    TAMPER_IRQHandler                        0x080001e7   Thumb Code     0  startup_stm32f10x_hd.o(.text)
    TIM1_BRK_IRQHandler                      0x080001e7   Thumb Code     0  startup_stm32f10x_hd.o(.text)
    TIM1_CC_IRQHandler                       0x080001e7   Thumb Code     0  startup_stm32f10x_hd.o(.text)
    TIM1_TRG_COM_IRQHandler                  0x080001e7   Thumb Code     0  startup_stm32f10x_hd.o(.text)
    TIM1_UP_IRQHandler                       0x080001e7   Thumb Code     0  startup_stm32f10x_hd.o(.text)
    TIM2_IRQHandler                          0x080001e7   Thumb Code     0  startup_stm32f10x_hd.o(.text)
    TIM3_IRQHandler                          0x080001e7   Thumb Code     0  startup_stm32f10x_hd.o(.text)
    TIM4_IRQHandler                          0x080001e7   Thumb Code     0  startup_stm32f10x_hd.o(.text)
    TIM5_IRQHandler                          0x080001e7   Thumb Code     0  startup_stm32f10x_hd.o(.text)
    TIM6_IRQHandler                          0x080001e7   Thumb Code     0  startup_stm32f10x_hd.o(.text)
    TIM7_IRQHandler                          0x080001e7   Thumb Code     0  startup_stm32f10x_hd.o(.text)
    TIM8_BRK_IRQHandler                      0x080001e7   Thumb Code     0  startup_stm32f10x_hd.o(.text)
    TIM8_CC_IRQHandler                       0x080001e7   Thumb Code     0  startup_stm32f10x_hd.o(.text)
    TIM8_TRG_COM_IRQHandler                  0x080001e7   Thumb Code     0  startup_stm32f10x_hd.o(.text)
    TIM8_UP_IRQHandler                       0x080001e7   Thumb Code     0  startup_stm32f10x_hd.o(.text)
    UART4_IRQHandler                         0x080001e7   Thumb Code     0  startup_stm32f10x_hd.o(.text)
    UART5_IRQHandler                         0x080001e7   Thumb Code     0  startup_stm32f10x_hd.o(.text)
    USART1_IRQHandler                        0x080001e7   Thumb Code     0  startup_stm32f10x_hd.o(.text)
    USART2_IRQHandler                        0x080001e7   Thumb Code     0  startup_stm32f10x_hd.o(.text)
    USART3_IRQHandler                        0x080001e7   Thumb Code     0  startup_stm32f10x_hd.o(.text)
    USBWakeUp_IRQHandler                     0x080001e7   Thumb Code     0  startup_stm32f10x_hd.o(.text)
    USB_HP_CAN1_TX_IRQHandler                0x080001e7   Thumb Code     0  startup_stm32f10x_hd.o(.text)
    USB_LP_CAN1_RX0_IRQHandler               0x080001e7   Thumb Code     0  startup_stm32f10x_hd.o(.text)
    WWDG_IRQHandler                          0x080001e7   Thumb Code     0  startup_stm32f10x_hd.o(.text)
    __user_initial_stackheap                 0x080001e9   Thumb Code     0  startup_stm32f10x_hd.o(.text)
    __use_two_region_memory                  0x0800020d   Thumb Code     2  heapauxi.o(.text)
    __rt_heap_escrow$2region                 0x0800020f   Thumb Code     2  heapauxi.o(.text)
    __rt_heap_expand$2region                 0x08000211   Thumb Code     2  heapauxi.o(.text)
    __user_setup_stackheap                   0x08000213   Thumb Code    74  sys_stackheap_outer.o(.text)
    exit                                     0x0800025d   Thumb Code    12  exit.o(.text)
    __user_libspace                          0x08000269   Thumb Code     8  libspace.o(.text)
    __user_perproc_libspace                  0x08000269   Thumb Code     0  libspace.o(.text)
    __user_perthread_libspace                0x08000269   Thumb Code     0  libspace.o(.text)
    _sys_exit                                0x08000271   Thumb Code     8  sys_exit.o(.text)
    __I$use$semihosting                      0x0800027d   Thumb Code     0  use_no_semi.o(.text)
    __use_no_semihosting_swi                 0x0800027d   Thumb Code     2  use_no_semi.o(.text)
    BusFault_Handler                         0x0800027f   Thumb Code     4  stm32f10x_it.o(i.BusFault_Handler)
    __semihosting_library_function           0x0800027f   Thumb Code     0  indicate_semi.o(.text)
    Buzzer_Init                              0x08000285   Thumb Code    44  ierg3810_buzzer.o(i.Buzzer_Init)
    Buzzer_Play_Note                         0x080002b9   Thumb Code    94  stm32f10x_it.o(i.Buzzer_Play_Note)
    Buzzer_Update_1ms                        0x08000339   Thumb Code   180  stm32f10x_it.o(i.Buzzer_Update_1ms)
    ClearPlayer1                             0x08000415   Thumb Code    20  miniproj.o(i.ClearPlayer1)
    ClearPlayer2                             0x08000429   Thumb Code    20  miniproj.o(i.ClearPlayer2)
    Collect1_Coin                            0x0800043d   Thumb Code    12  miniproj.o(i.Collect1_Coin)
    Collect2_Coin                            0x0800044d   Thumb Code    12  miniproj.o(i.Collect2_Coin)
    CreateIceWall_P1                         0x0800045d   Thumb Code    74  miniproj.o(i.CreateIceWall_P1)
    CreateIceWall_P2                         0x080004c9   Thumb Code    74  miniproj.o(i.CreateIceWall_P2)
    DebugMon_Handler                         0x08000535   Thumb Code     2  stm32f10x_it.o(i.DebugMon_Handler)
    Delay                                    0x08000537   Thumb Code    12  miniproj.o(i.Delay)
    DrawPlayer1                              0x08000543   Thumb Code    20  miniproj.o(i.DrawPlayer1)
    DrawPlayer2                              0x08000557   Thumb Code    20  miniproj.o(i.DrawPlayer2)
    EXTI15_10_IRQHandler                     0x0800056d   Thumb Code   198  miniproj.o(i.EXTI15_10_IRQHandler)
    Game_Start                               0x08000651   Thumb Code    78  miniproj.o(i.Game_Start)
    HardFault_Handler                        0x080006c5   Thumb Code     4  stm32f10x_it.o(i.HardFault_Handler)
    JoyPad_Init                              0x080006c9   Thumb Code   110  joypad.o(i.JoyPad_Init)
    KEY_Init                                 0x08000745   Thumb Code   176  ierg3810_key.o(i.KEY_Init)
    LCD_ShowCoinCountP1                      0x08000801   Thumb Code   214  miniproj.o(i.LCD_ShowCoinCountP1)
    LCD_ShowCoinCountP2                      0x080008dd   Thumb Code   214  miniproj.o(i.LCD_ShowCoinCountP2)
    LCD_ShowTime                             0x080009b9   Thumb Code   346  miniproj.o(i.LCD_ShowTime)
    LED_Init                                 0x08000b19   Thumb Code    84  ierg3810_led.o(i.LED_Init)
    MemManage_Handler                        0x08000b79   Thumb Code     4  stm32f10x_it.o(i.MemManage_Handler)
    Music_Start                              0x08000b7d   Thumb Code    22  stm32f10x_it.o(i.Music_Start)
    Music_Stop                               0x08000ba5   Thumb Code    20  stm32f10x_it.o(i.Music_Stop)
    NMI_Handler                              0x08000bc5   Thumb Code     2  stm32f10x_it.o(i.NMI_Handler)
    PS2_ResetAllKeyStates                    0x08000bc9   Thumb Code    64  miniproj.o(i.PS2_ResetAllKeyStates)
    PendSV_Handler                           0x08000c31   Thumb Code     2  stm32f10x_it.o(i.PendSV_Handler)
    Play_SFX                                 0x08000c33   Thumb Code    16  stm32f10x_it.o(i.Play_SFX)
    Read_JoyPad                              0x08000c45   Thumb Code   152  joypad.o(i.Read_JoyPad)
    SVC_Handler                              0x08000d05   Thumb Code     2  stm32f10x_it.o(i.SVC_Handler)
    StartIceWall                             0x08000df1   Thumb Code   180  miniproj.o(i.StartIceWall)
    SysTick_Handler                          0x08000ec5   Thumb Code    98  stm32f10x_it.o(i.SysTick_Handler)
    SystemInit                               0x08000f3d   Thumb Code    78  system_stm32f10x.o(i.SystemInit)
    UsageFault_Handler                       0x08000f9d   Thumb Code     4  stm32f10x_it.o(i.UsageFault_Handler)
    __ARM_pop                                0x08000fa1   Thumb Code    48  miniproj.o(i.__ARM_pop)
    coin_init                                0x08000fd1   Thumb Code   212  miniproj.o(i.coin_init)
    delay_us                                 0x080010ad   Thumb Code    18  joypad.o(i.delay_us)
    lcd_9341_setParameter                    0x080010bf   Thumb Code    46  lcdinit.o(i.lcd_9341_setParameter)
    lcd_backlight_init                       0x080010ed   Thumb Code    36  lcdinit.o(i.lcd_backlight_init)
    lcd_clearP1                              0x08001119   Thumb Code    58  ierg3810_tftlcd.o(i.lcd_clearP1)
    lcd_clearP2                              0x08001155   Thumb Code    84  ierg3810_tftlcd.o(i.lcd_clearP2)
    lcd_drawDot                              0x080011ad   Thumb Code    80  lcdinit.o(i.lcd_drawDot)
    lcd_fillRectangle                        0x080011fd   Thumb Code   130  ierg3810_tftlcd.o(i.lcd_fillRectangle)
    lcd_init                                 0x08001281   Thumb Code   350  lcdinit.o(i.lcd_init)
    lcd_showChar                             0x08001401   Thumb Code   166  ierg3810_tftlcd.o(i.lcd_showChar)
    lcd_showCoin                             0x080014ad   Thumb Code    84  ierg3810_tftlcd.o(i.lcd_showCoin)
    lcd_showIce                              0x08001505   Thumb Code    76  ierg3810_tftlcd.o(i.lcd_showIce)
    lcd_showP1                               0x08001555   Thumb Code    84  ierg3810_tftlcd.o(i.lcd_showP1)
    lcd_showP2                               0x080015ad   Thumb Code    82  ierg3810_tftlcd.o(i.lcd_showP2)
    lcd_showString                           0x08001605   Thumb Code    66  ierg3810_tftlcd.o(i.lcd_showString)
    lcd_wr_data                              0x08001649   Thumb Code     6  lcdinit.o(i.lcd_wr_data)
    lcd_wr_reg                               0x08001655   Thumb Code     6  lcdinit.o(i.lcd_wr_reg)
    main                                     0x08001661   Thumb Code  2086  miniproj.o(i.main)
    map_init                                 0x08001f2d   Thumb Code    76  miniproj.o(i.map_init)
    nvic_setPriorityGroup                    0x08001f7d   Thumb Code    36  miniproj.o(i.nvic_setPriorityGroup)
    player2_init                             0x08001fa9   Thumb Code    92  miniproj.o(i.player2_init)
    printendgamemenu                         0x0800202d   Thumb Code   188  miniproj.o(i.printendgamemenu)
    printgamemap                             0x08002161   Thumb Code   202  miniproj.o(i.printgamemap)
    printgamerules                           0x08002235   Thumb Code   214  miniproj.o(i.printgamerules)
    printgroupinfo                           0x08002409   Thumb Code   308  miniproj.o(i.printgroupinfo)
    printmenuitems                           0x080025ad   Thumb Code   136  miniproj.o(i.printmenuitems)
    ps2_sample_data                          0x08002669   Thumb Code    10  miniproj.o(i.ps2_sample_data)
    ps2key_exitInit                          0x08002679   Thumb Code   140  miniproj.o(i.ps2key_exitInit)
    set_joypad_flags                         0x0800271d   Thumb Code   222  miniproj.o(i.set_joypad_flags)
    set_key_flags                            0x0800283d   Thumb Code   202  miniproj.o(i.set_key_flags)
    asc2_1608                                0x08002934   Data        1520  ierg3810_tftlcd.o(.constdata)
    Ice                                      0x08003324   Data         512  ierg3810_tftlcd.o(.constdata)
    melody                                   0x08003724   Data          16  stm32f10x_it.o(.constdata)
    gamemap_horizontal_block                 0x08003734   Data       15360  miniproj.o(.constdata)
    gamemap_vertical_block                   0x08007334   Data       20480  miniproj.o(.constdata)
    playbutton                               0x0800c334   Data       89400  miniproj.o(.constdata)
    Region$$Table$$Base                      0x0802206c   Number         0  anon$$obj.o(Region$$Table)
    Region$$Table$$Limit                     0x0802208c   Number         0  anon$$obj.o(Region$$Table)
    jp_A                                     0x20000000   Data           1  joypad.o(.data)
    jp_B                                     0x20000001   Data           1  joypad.o(.data)
    jp_Select                                0x20000002   Data           1  joypad.o(.data)
    jp_Start                                 0x20000003   Data           1  joypad.o(.data)
    jp_Up                                    0x20000004   Data           1  joypad.o(.data)
    jp_Down                                  0x20000005   Data           1  joypad.o(.data)
    jp_Left                                  0x20000006   Data           1  joypad.o(.data)
    jp_Right                                 0x20000007   Data           1  joypad.o(.data)
    buzzer_on                                0x20000008   Data           1  stm32f10x_it.o(.data)
    buzzer_toggle_time                       0x2000000c   Data           4  stm32f10x_it.o(.data)
    buzzer_half_period                       0x20000010   Data           4  stm32f10x_it.o(.data)
    note_end_time                            0x20000014   Data           4  stm32f10x_it.o(.data)
    rest_end_time                            0x20000018   Data           4  stm32f10x_it.o(.data)
    music_index                              0x2000001c   Data           2  stm32f10x_it.o(.data)
    music_playing                            0x2000001e   Data           1  stm32f10x_it.o(.data)
    sysTickCounter                           0x20000020   Data           4  miniproj.o(.data)
    game_ticks                               0x20000024   Data           4  miniproj.o(.data)
    ps2_shift                                0x20000028   Data           2  miniproj.o(.data)
    ps2_bitcount                             0x2000002a   Data           1  miniproj.o(.data)
    F0flag                                   0x2000002b   Data           1  miniproj.o(.data)
    ps2_last_clock_time                      0x2000002c   Data           4  miniproj.o(.data)
    ps2_error_count                          0x20000030   Data           1  miniproj.o(.data)
    key_up_pressed                           0x20000031   Data           1  miniproj.o(.data)
    key_down_pressed                         0x20000032   Data           1  miniproj.o(.data)
    key_left_pressed                         0x20000033   Data           1  miniproj.o(.data)
    key_right_pressed                        0x20000034   Data           1  miniproj.o(.data)
    joy_up_pressed                           0x20000035   Data           1  miniproj.o(.data)
    joy_down_pressed                         0x20000036   Data           1  miniproj.o(.data)
    joy_left_pressed                         0x20000037   Data           1  miniproj.o(.data)
    joy_right_pressed                        0x20000038   Data           1  miniproj.o(.data)
    last_joy_up_time                         0x2000003c   Data           4  miniproj.o(.data)
    last_joy_down_time                       0x20000040   Data           4  miniproj.o(.data)
    last_joy_left_time                       0x20000044   Data           4  miniproj.o(.data)
    last_joy_right_time                      0x20000048   Data           4  miniproj.o(.data)
    last_joy_ice_time                        0x2000004c   Data           4  miniproj.o(.data)
    newP1_x                                  0x20000050   Data           2  miniproj.o(.data)
    newP1_y                                  0x20000052   Data           2  miniproj.o(.data)
    oldP1_x                                  0x20000054   Data           2  miniproj.o(.data)
    oldP1_y                                  0x20000056   Data           2  miniproj.o(.data)
    player_color                             0x20000058   Data           2  miniproj.o(.data)
    player1_moving                           0x2000005a   Data           1  miniproj.o(.data)
    target1_x                                0x2000005c   Data           2  miniproj.o(.data)
    target1_y                                0x2000005e   Data           2  miniproj.o(.data)
    player1_map_x                            0x20000060   Data           1  miniproj.o(.data)
    player1_map_y                            0x20000061   Data           1  miniproj.o(.data)
    newP2_x                                  0x20000062   Data           2  miniproj.o(.data)
    newP2_y                                  0x20000064   Data           2  miniproj.o(.data)
    oldP2_x                                  0x20000066   Data           2  miniproj.o(.data)
    oldP2_y                                  0x20000068   Data           2  miniproj.o(.data)
    player2_color                            0x2000006a   Data           2  miniproj.o(.data)
    player2_moving                           0x2000006c   Data           1  miniproj.o(.data)
    target2_x                                0x2000006e   Data           2  miniproj.o(.data)
    target2_y                                0x20000070   Data           2  miniproj.o(.data)
    player2_map_x                            0x20000072   Data           1  miniproj.o(.data)
    player2_map_y                            0x20000073   Data           1  miniproj.o(.data)
    player1_direction                        0x20000074   Data           1  miniproj.o(.data)
    player2_direction                        0x20000075   Data           1  miniproj.o(.data)
    ice_animating                            0x20000076   Data           1  miniproj.o(.data)
    next_IceTime                             0x20000078   Data           4  miniproj.o(.data)
    ice_x                                    0x2000007c   Data           2  miniproj.o(.data)
    ice_y                                    0x2000007e   Data           2  miniproj.o(.data)
    ice_dx                                   0x20000080   Data           2  miniproj.o(.data)
    ice_dy                                   0x20000082   Data           2  miniproj.o(.data)
    ice_melt_start_time                      0x20000084   Data           4  miniproj.o(.data)
    ice_hard_stun                            0x20000088   Data           1  miniproj.o(.data)
    global_ice_cooldown                      0x2000008c   Data           4  miniproj.o(.data)
    last_up_time                             0x20000090   Data           4  miniproj.o(.data)
    last_down_time                           0x20000094   Data           4  miniproj.o(.data)
    last_left_time                           0x20000098   Data           4  miniproj.o(.data)
    last_right_time                          0x2000009c   Data           4  miniproj.o(.data)
    last_ice_time                            0x200000a0   Data           4  miniproj.o(.data)
    last_update                              0x200000a4   Data           4  miniproj.o(.data)
    coin1_count                              0x200000a8   Data           2  miniproj.o(.data)
    coin2_count                              0x200000aa   Data           2  miniproj.o(.data)
    game_seconds                             0x200000ac   Data           4  miniproj.o(.data)
    pop_buf                                  0x200000b0   Data           8  miniproj.o(.data)
    collect_popup_active                     0x200000b8   Data           1  miniproj.o(.data)
    collect_popup_x                          0x200000ba   Data           2  miniproj.o(.data)
    collect_popup_y                          0x200000bc   Data           2  miniproj.o(.data)
    collect_popup_frame                      0x200000be   Data           1  miniproj.o(.data)
    SystemCoreClock                          0x200000c0   Data           4  system_stm32f10x.o(.data)
    AHBPrescTable                            0x200000c4   Data          16  system_stm32f10x.o(.data)
    blockMap                                 0x200000d4   Data         300  miniproj.o(.bss)
    coinMap                                  0x20000200   Data         300  miniproj.o(.bss)
    collectFrameMap                          0x2000032c   Data         300  miniproj.o(.bss)
    iceExpireTime                            0x20000458   Data         600  miniproj.o(.bss)
    __libspace_start                         0x200006b0   Data          96  libspace.o(.bss)
    __temporary_stack_top$libspace           0x20000710   Data           0  libspace.o(.bss)



==============================================================================

Memory Map of the image

  Image Entry point : 0x080001cd

  Load Region LR_1 (Base: 0x08000000, Size: 0x00022160, Max: 0xffffffff, ABSOLUTE)

    Execution Region ER_RO (Base: 0x08000000, Size: 0x0002208c, Max: 0xffffffff, ABSOLUTE)

    Base Addr    Size         Type   Attr      Idx    E Section Name        Object

    0x08000000   0x00000130   Data   RO         3649    RESET               startup_stm32f10x_hd.o
    0x08000130   0x00000008   Code   RO         3658  * !!!main             c_w.l(__main.o)
    0x08000138   0x00000034   Code   RO         3814    !!!scatter          c_w.l(__scatter.o)
    0x0800016c   0x0000001a   Code   RO         3816    !!handler_copy      c_w.l(__scatter_copy.o)
    0x08000186   0x00000002   PAD
    0x08000188   0x0000001c   Code   RO         3818    !!handler_zi        c_w.l(__scatter_zi.o)
    0x080001a4   0x00000002   Code   RO         3685    .ARM.Collect$$libinit$$00000000  c_w.l(libinit.o)
    0x080001a6   0x00000000   Code   RO         3692    .ARM.Collect$$libinit$$00000002  c_w.l(libinit2.o)
    0x080001a6   0x00000000   Code   RO         3694    .ARM.Collect$$libinit$$00000004  c_w.l(libinit2.o)
    0x080001a6   0x00000000   Code   RO         3697    .ARM.Collect$$libinit$$0000000A  c_w.l(libinit2.o)
    0x080001a6   0x00000000   Code   RO         3699    .ARM.Collect$$libinit$$0000000C  c_w.l(libinit2.o)
    0x080001a6   0x00000000   Code   RO         3701    .ARM.Collect$$libinit$$0000000E  c_w.l(libinit2.o)
    0x080001a6   0x00000000   Code   RO         3704    .ARM.Collect$$libinit$$00000011  c_w.l(libinit2.o)
    0x080001a6   0x00000000   Code   RO         3706    .ARM.Collect$$libinit$$00000013  c_w.l(libinit2.o)
    0x080001a6   0x00000000   Code   RO         3708    .ARM.Collect$$libinit$$00000015  c_w.l(libinit2.o)
    0x080001a6   0x00000000   Code   RO         3710    .ARM.Collect$$libinit$$00000017  c_w.l(libinit2.o)
    0x080001a6   0x00000000   Code   RO         3712    .ARM.Collect$$libinit$$00000019  c_w.l(libinit2.o)
    0x080001a6   0x00000000   Code   RO         3714    .ARM.Collect$$libinit$$0000001B  c_w.l(libinit2.o)
    0x080001a6   0x00000000   Code   RO         3716    .ARM.Collect$$libinit$$0000001D  c_w.l(libinit2.o)
    0x080001a6   0x00000000   Code   RO         3718    .ARM.Collect$$libinit$$0000001F  c_w.l(libinit2.o)
    0x080001a6   0x00000000   Code   RO         3720    .ARM.Collect$$libinit$$00000021  c_w.l(libinit2.o)
    0x080001a6   0x00000000   Code   RO         3722    .ARM.Collect$$libinit$$00000023  c_w.l(libinit2.o)
    0x080001a6   0x00000000   Code   RO         3724    .ARM.Collect$$libinit$$00000025  c_w.l(libinit2.o)
    0x080001a6   0x00000000   Code   RO         3728    .ARM.Collect$$libinit$$0000002C  c_w.l(libinit2.o)
    0x080001a6   0x00000000   Code   RO         3730    .ARM.Collect$$libinit$$0000002E  c_w.l(libinit2.o)
    0x080001a6   0x00000000   Code   RO         3732    .ARM.Collect$$libinit$$00000030  c_w.l(libinit2.o)
    0x080001a6   0x00000000   Code   RO         3734    .ARM.Collect$$libinit$$00000032  c_w.l(libinit2.o)
    0x080001a6   0x00000002   Code   RO         3735    .ARM.Collect$$libinit$$00000033  c_w.l(libinit2.o)
    0x080001a8   0x00000002   Code   RO         3755    .ARM.Collect$$libshutdown$$00000000  c_w.l(libshutdown.o)
    0x080001aa   0x00000000   Code   RO         3769    .ARM.Collect$$libshutdown$$00000003  c_w.l(libshutdown2.o)
    0x080001aa   0x00000000   Code   RO         3772    .ARM.Collect$$libshutdown$$00000006  c_w.l(libshutdown2.o)
    0x080001aa   0x00000000   Code   RO         3775    .ARM.Collect$$libshutdown$$00000009  c_w.l(libshutdown2.o)
    0x080001aa   0x00000000   Code   RO         3777    .ARM.Collect$$libshutdown$$0000000B  c_w.l(libshutdown2.o)
    0x080001aa   0x00000000   Code   RO         3780    .ARM.Collect$$libshutdown$$0000000E  c_w.l(libshutdown2.o)
    0x080001aa   0x00000002   Code   RO         3781    .ARM.Collect$$libshutdown$$0000000F  c_w.l(libshutdown2.o)
    0x080001ac   0x00000000   Code   RO         3660    .ARM.Collect$$rtentry$$00000000  c_w.l(__rtentry.o)
    0x080001ac   0x00000000   Code   RO         3662    .ARM.Collect$$rtentry$$00000002  c_w.l(__rtentry2.o)
    0x080001ac   0x00000006   Code   RO         3674    .ARM.Collect$$rtentry$$00000004  c_w.l(__rtentry4.o)
    0x080001b2   0x00000000   Code   RO         3664    .ARM.Collect$$rtentry$$00000009  c_w.l(__rtentry2.o)
    0x080001b2   0x00000004   Code   RO         3665    .ARM.Collect$$rtentry$$0000000A  c_w.l(__rtentry2.o)
    0x080001b6   0x00000000   Code   RO         3667    .ARM.Collect$$rtentry$$0000000C  c_w.l(__rtentry2.o)
    0x080001b6   0x00000008   Code   RO         3668    .ARM.Collect$$rtentry$$0000000D  c_w.l(__rtentry2.o)
    0x080001be   0x00000002   Code   RO         3689    .ARM.Collect$$rtexit$$00000000  c_w.l(rtexit.o)
    0x080001c0   0x00000000   Code   RO         3737    .ARM.Collect$$rtexit$$00000002  c_w.l(rtexit2.o)
    0x080001c0   0x00000004   Code   RO         3738    .ARM.Collect$$rtexit$$00000003  c_w.l(rtexit2.o)
    0x080001c4   0x00000006   Code   RO         3739    .ARM.Collect$$rtexit$$00000004  c_w.l(rtexit2.o)
    0x080001ca   0x00000002   PAD
    0x080001cc   0x00000040   Code   RO         3650  * .text               startup_stm32f10x_hd.o
    0x0800020c   0x00000006   Code   RO         3656    .text               c_w.l(heapauxi.o)
    0x08000212   0x0000004a   Code   RO         3676    .text               c_w.l(sys_stackheap_outer.o)
    0x0800025c   0x0000000c   Code   RO         3678    .text               c_w.l(exit.o)
    0x08000268   0x00000008   Code   RO         3686    .text               c_w.l(libspace.o)
    0x08000270   0x0000000c   Code   RO         3747    .text               c_w.l(sys_exit.o)
    0x0800027c   0x00000002   Code   RO         3758    .text               c_w.l(use_no_semi.o)
    0x0800027e   0x00000000   Code   RO         3760    .text               c_w.l(indicate_semi.o)
    0x0800027e   0x00000004   Code   RO         3251    i.BusFault_Handler  stm32f10x_it.o
    0x08000282   0x00000002   PAD
    0x08000284   0x00000034   Code   RO         3056    i.Buzzer_Init       ierg3810_buzzer.o
    0x080002b8   0x00000080   Code   RO         3252    i.Buzzer_Play_Note  stm32f10x_it.o
    0x08000338   0x000000dc   Code   RO         3253    i.Buzzer_Update_1ms  stm32f10x_it.o
    0x08000414   0x00000014   Code   RO         3349    i.ClearPlayer1      miniproj.o
    0x08000428   0x00000014   Code   RO         3350    i.ClearPlayer2      miniproj.o
    0x0800043c   0x00000010   Code   RO         3351    i.Collect1_Coin     miniproj.o
    0x0800044c   0x00000010   Code   RO         3352    i.Collect2_Coin     miniproj.o
    0x0800045c   0x0000006c   Code   RO         3353    i.CreateIceWall_P1  miniproj.o
    0x080004c8   0x0000006c   Code   RO         3354    i.CreateIceWall_P2  miniproj.o
    0x08000534   0x00000002   Code   RO         3254    i.DebugMon_Handler  stm32f10x_it.o
    0x08000536   0x0000000c   Code   RO         3355    i.Delay             miniproj.o
    0x08000542   0x00000014   Code   RO         3358    i.DrawPlayer1       miniproj.o
    0x08000556   0x00000014   Code   RO         3359    i.DrawPlayer2       miniproj.o
    0x0800056a   0x00000002   PAD
    0x0800056c   0x000000e4   Code   RO         3360    i.EXTI15_10_IRQHandler  miniproj.o
    0x08000650   0x00000074   Code   RO         3361    i.Game_Start        miniproj.o
    0x080006c4   0x00000004   Code   RO         3255    i.HardFault_Handler  stm32f10x_it.o
    0x080006c8   0x0000007c   Code   RO         3221    i.JoyPad_Init       joypad.o
    0x08000744   0x000000bc   Code   RO         3068    i.KEY_Init          ierg3810_key.o
    0x08000800   0x000000dc   Code   RO         3362    i.LCD_ShowCoinCountP1  miniproj.o
    0x080008dc   0x000000dc   Code   RO         3363    i.LCD_ShowCoinCountP2  miniproj.o
    0x080009b8   0x00000160   Code   RO         3364    i.LCD_ShowTime      miniproj.o
    0x08000b18   0x00000060   Code   RO         3080    i.LED_Init          ierg3810_led.o
    0x08000b78   0x00000004   Code   RO         3256    i.MemManage_Handler  stm32f10x_it.o
    0x08000b7c   0x00000028   Code   RO         3257    i.Music_Start       stm32f10x_it.o
    0x08000ba4   0x00000020   Code   RO         3258    i.Music_Stop        stm32f10x_it.o
    0x08000bc4   0x00000002   Code   RO         3259    i.NMI_Handler       stm32f10x_it.o
    0x08000bc6   0x00000002   PAD
    0x08000bc8   0x00000068   Code   RO         3365    i.PS2_ResetAllKeyStates  miniproj.o
    0x08000c30   0x00000002   Code   RO         3260    i.PendSV_Handler    stm32f10x_it.o
    0x08000c32   0x00000010   Code   RO         3261    i.Play_SFX          stm32f10x_it.o
    0x08000c42   0x00000002   PAD
    0x08000c44   0x000000c0   Code   RO         3222    i.Read_JoyPad       joypad.o
    0x08000d04   0x00000002   Code   RO         3262    i.SVC_Handler       stm32f10x_it.o
    0x08000d06   0x00000008   Code   RO         3594    i.SetSysClock       system_stm32f10x.o
    0x08000d0e   0x00000002   PAD
    0x08000d10   0x000000e0   Code   RO         3595    i.SetSysClockTo72   system_stm32f10x.o
    0x08000df0   0x000000d4   Code   RO         3366    i.StartIceWall      miniproj.o
    0x08000ec4   0x00000078   Code   RO         3263    i.SysTick_Handler   stm32f10x_it.o
    0x08000f3c   0x00000060   Code   RO         3597    i.SystemInit        system_stm32f10x.o
    0x08000f9c   0x00000004   Code   RO         3264    i.UsageFault_Handler  stm32f10x_it.o
    0x08000fa0   0x00000030   Code   RO         3549    i.__ARM_pop         miniproj.o
    0x08000fd0   0x000000dc   Code   RO         3367    i.coin_init         miniproj.o
    0x080010ac   0x00000012   Code   RO         3223    i.delay_us          joypad.o
    0x080010be   0x0000002e   Code   RO         3179    i.lcd_9341_setParameter  lcdinit.o
    0x080010ec   0x0000002c   Code   RO         3180    i.lcd_backlight_init  lcdinit.o
    0x08001118   0x0000003a   Code   RO         3094    i.lcd_clearP1       ierg3810_tftlcd.o
    0x08001152   0x00000002   PAD
    0x08001154   0x00000058   Code   RO         3095    i.lcd_clearP2       ierg3810_tftlcd.o
    0x080011ac   0x00000050   Code   RO         3181    i.lcd_drawDot       lcdinit.o
    0x080011fc   0x00000082   Code   RO         3096    i.lcd_fillRectangle  ierg3810_tftlcd.o
    0x0800127e   0x00000002   PAD
    0x08001280   0x00000180   Code   RO         3182    i.lcd_init          lcdinit.o
    0x08001400   0x000000ac   Code   RO         3097    i.lcd_showChar      ierg3810_tftlcd.o
    0x080014ac   0x00000058   Code   RO         3098    i.lcd_showCoin      ierg3810_tftlcd.o
    0x08001504   0x00000050   Code   RO         3099    i.lcd_showIce       ierg3810_tftlcd.o
    0x08001554   0x00000058   Code   RO         3100    i.lcd_showP1        ierg3810_tftlcd.o
    0x080015ac   0x00000058   Code   RO         3101    i.lcd_showP2        ierg3810_tftlcd.o
    0x08001604   0x00000042   Code   RO         3102    i.lcd_showString    ierg3810_tftlcd.o
    0x08001646   0x00000002   PAD
    0x08001648   0x0000000c   Code   RO         3183    i.lcd_wr_data       lcdinit.o
    0x08001654   0x0000000c   Code   RO         3184    i.lcd_wr_reg        lcdinit.o
    0x08001660   0x000008cc   Code   RO         3368    i.main              miniproj.o
    0x08001f2c   0x00000050   Code   RO         3369    i.map_init          miniproj.o
    0x08001f7c   0x0000002c   Code   RO         3370    i.nvic_setPriorityGroup  miniproj.o
    0x08001fa8   0x00000084   Code   RO         3371    i.player2_init      miniproj.o
    0x0800202c   0x00000134   Code   RO         3372    i.printendgamemenu  miniproj.o
    0x08002160   0x000000d4   Code   RO         3373    i.printgamemap      miniproj.o
    0x08002234   0x000001d4   Code   RO         3374    i.printgamerules    miniproj.o
    0x08002408   0x000001a4   Code   RO         3375    i.printgroupinfo    miniproj.o
    0x080025ac   0x000000bc   Code   RO         3376    i.printmenuitems    miniproj.o
    0x08002668   0x00000010   Code   RO         3377    i.ps2_sample_data   miniproj.o
    0x08002678   0x000000a4   Code   RO         3378    i.ps2key_exitInit   miniproj.o
    0x0800271c   0x00000120   Code   RO         3379    i.set_joypad_flags  miniproj.o
    0x0800283c   0x000000f8   Code   RO         3380    i.set_key_flags     miniproj.o
    0x08002934   0x00000df0   Data   RO         3103    .constdata          ierg3810_tftlcd.o
    0x08003724   0x00000010   Data   RO         3265    .constdata          stm32f10x_it.o
    0x08003734   0x0001e938   Data   RO         3382    .constdata          miniproj.o
    0x0802206c   0x00000020   Data   RO         3812    Region$$Table       anon$$obj.o


    Execution Region ER_RW (Base: 0x20000000, Size: 0x000000d4, Max: 0xffffffff, ABSOLUTE)

    Base Addr    Size         Type   Attr      Idx    E Section Name        Object

    0x20000000   0x00000008   Data   RW         3224    .data               joypad.o
    0x20000008   0x00000017   Data   RW         3266    .data               stm32f10x_it.o
    0x2000001f   0x00000001   PAD
    0x20000020   0x0000009f   Data   RW         3383    .data               miniproj.o
    0x200000bf   0x00000001   PAD
    0x200000c0   0x00000014   Data   RW         3598    .data               system_stm32f10x.o


    Execution Region ER_ZI (Base: 0x200000d4, Size: 0x00000c3c, Max: 0xffffffff, ABSOLUTE)

    Base Addr    Size         Type   Attr      Idx    E Section Name        Object

    0x200000d4   0x000005dc   Zero   RW         3381    .bss                miniproj.o
    0x200006b0   0x00000060   Zero   RW         3687    .bss                c_w.l(libspace.o)
    0x20000710   0x00000200   Zero   RW         3648    HEAP                startup_stm32f10x_hd.o
    0x20000910   0x00000400   Zero   RW         3647    STACK               startup_stm32f10x_hd.o


==============================================================================

Image component sizes


      Code (inc. data)   RO Data    RW Data    ZI Data      Debug   Object Name

         0          0          0          0          0         32   core_cm3.o
        52          8          0          0          0        406   ierg3810_buzzer.o
       188         12          0          0          0        431   ierg3810_key.o
        96         12          0          0          0        411   ierg3810_led.o
       858         28       3568          0          0       7691   ierg3810_tftlcd.o
       334         54          0          8          0       2209   joypad.o
       578         54          0          0          0       2753   lcdinit.o
      6880       1320     125240        159       1500      38004   miniproj.o
         0          0          0          0          0     207600   misc.o
        64         26        304          0       1536        768   startup_stm32f10x_hd.o
       580        126         16         23          0       6999   stm32f10x_it.o
       328         28          0         20          0       1981   system_stm32f10x.o

    ----------------------------------------------------------------------
      9974       1668     129160        212       3036     269285   Object Totals
         0          0         32          0          0          0   (incl. Generated)
        16          0          0          2          0          0   (incl. Padding)

    ----------------------------------------------------------------------

      Code (inc. data)   RO Data    RW Data    ZI Data      Debug   Library Member Name

         8          0          0          0          0         68   __main.o
         0          0          0          0          0          0   __rtentry.o
        12          0          0          0          0          0   __rtentry2.o
         6          0          0          0          0          0   __rtentry4.o
        52          8          0          0          0          0   __scatter.o
        26          0          0          0          0          0   __scatter_copy.o
        28          0          0          0          0          0   __scatter_zi.o
        12          0          0          0          0         72   exit.o
         6          0          0          0          0        152   heapauxi.o
         0          0          0          0          0          0   indicate_semi.o
         2          0          0          0          0          0   libinit.o
         2          0          0          0          0          0   libinit2.o
         2          0          0          0          0          0   libshutdown.o
         2          0          0          0          0          0   libshutdown2.o
         8          4          0          0         96         68   libspace.o
         2          0          0          0          0          0   rtexit.o
        10          0          0          0          0          0   rtexit2.o
        12          4          0          0          0         68   sys_exit.o
        74          0          0          0          0         80   sys_stackheap_outer.o
         2          0          0          0          0         68   use_no_semi.o

    ----------------------------------------------------------------------
       270         16          0          0         96        576   Library Totals
         4          0          0          0          0          0   (incl. Padding)

    ----------------------------------------------------------------------

      Code (inc. data)   RO Data    RW Data    ZI Data      Debug   Library Name

       266         16          0          0         96        576   c_w.l

    ----------------------------------------------------------------------
       270         16          0          0         96        576   Library Totals

    ----------------------------------------------------------------------

==============================================================================


      Code (inc. data)   RO Data    RW Data    ZI Data      Debug   

     10244       1684     129160        212       3132     266373   Grand Totals
     10244       1684     129160        212       3132     266373   ELF Image Totals
     10244       1684     129160        212          0          0   ROM Totals

==============================================================================

    Total RO  Size (Code + RO Data)               139404 ( 136.14kB)
    Total RW  Size (RW Data + ZI Data)              3344 (   3.27kB)
    Total ROM Size (Code + RO Data + RW Data)     139616 ( 136.34kB)

==============================================================================

